
 Start         Length     Name                   Class
 0001:00401000 000FC79CH .text                   CODE
 0002:004FE000 00000F5CH .itext                  ICODE
 0003:004FF000 00003450H .data                   DATA
 0004:00503000 000052F8H .bss                    BSS
 0005:00000000 0000003CH .tls                    TLS


Detailed map of segments

 0001:00000000 0000915D C=CODE     S=.text    G=(none)   M=System   ACBP=A9
 0001:00009160 0000010D C=CODE     S=.text    G=(none)   M=SysInit  ACBP=A9
 0001:00009270 00000428 C=CODE     S=.text    G=(none)   M=Types    ACBP=A9
 0001:00009698 00001BD9 C=CODE     S=.text    G=(none)   M=Windows  ACBP=A9
 0001:0000B274 0000023D C=CODE     S=.text    G=(none)   M=Messages ACBP=A9
 0001:0000B4B4 00000182 C=CODE     S=.text    G=(none)   M=ActiveX  ACBP=A9
 0001:0000B638 00000116 C=CODE     S=.text    G=(none)   M=CommCtrl ACBP=A9
 0001:0000B750 00000340 C=CODE     S=.text    G=(none)   M=SysConst ACBP=A9
 0001:0000BA90 000001F8 C=CODE     S=.text    G=(none)   M=RTLConsts ACBP=A9
 0001:0000BC88 00000230 C=CODE     S=.text    G=(none)   M=Character ACBP=A9
 0001:0000BEB8 00000155 C=CODE     S=.text    G=(none)   M=StrUtils ACBP=A9
 0001:0000C010 00011573 C=CODE     S=.text    G=(none)   M=SysUtils ACBP=A9
 0001:0001D584 000007D3 C=CODE     S=.text    G=(none)   M=VarUtils ACBP=A9
 0001:0001DD58 0000818C C=CODE     S=.text    G=(none)   M=Variants ACBP=A9
 0001:00025EE4 0000180B C=CODE     S=.text    G=(none)   M=TypInfo  ACBP=A9
 0001:000276F0 0001956C C=CODE     S=.text    G=(none)   M=Classes  ACBP=A9
 0001:00040C5C 000002B0 C=CODE     S=.text    G=(none)   M=TimeSpan ACBP=A9
 0001:00040F0C 000014EB C=CODE     S=.text    G=(none)   M=SyncObjs ACBP=A9
 0001:000423F8 00000D46 C=CODE     S=.text    G=(none)   M=UxTheme  ACBP=A9
 0001:00043140 0000005B C=CODE     S=.text    G=(none)   M=Dwmapi   ACBP=A9
 0001:0004319C 0000038D C=CODE     S=.text    G=(none)   M=Contnrs  ACBP=A9
 0001:0004352C 00001FDE C=CODE     S=.text    G=(none)   M=HelpIntfs ACBP=A9
 0001:0004550C 0000086B C=CODE     S=.text    G=(none)   M=MultiMon ACBP=A9
 0001:00045D78 00000094 C=CODE     S=.text    G=(none)   M=Wincodec ACBP=A9
 0001:00045E0C 000002D0 C=CODE     S=.text    G=(none)   M=Consts   ACBP=A9
 0001:000460DC 00000AC4 C=CODE     S=.text    G=(none)   M=IOUtils  ACBP=A9
 0001:00046BA0 000022BB C=CODE     S=.text    G=(none)   M=IniFiles ACBP=A9
 0001:00048E5C 000030A2 C=CODE     S=.text    G=(none)   M=Registry ACBP=A9
 0001:0004BF00 00011B2C C=CODE     S=.text    G=(none)   M=Graphics ACBP=A9
 0001:0005DA2C 0000178A C=CODE     S=.text    G=(none)   M=GraphUtil ACBP=A9
 0001:0005F1B8 00002FE2 C=CODE     S=.text    G=(none)   M=StdCtrls ACBP=A9
 0001:0006219C 00000026 C=CODE     S=.text    G=(none)   M=WinSpool ACBP=A9
 0001:000621C4 00001DDB C=CODE     S=.text    G=(none)   M=Printers ACBP=A9
 0001:00063FA0 00000013 C=CODE     S=.text    G=(none)   M=Clipbrd  ACBP=A9
 0001:00063FB4 00001483 C=CODE     S=.text    G=(none)   M=ExtCtrls ACBP=A9
 0001:00065438 00000415 C=CODE     S=.text    G=(none)   M=ComCtrls ACBP=A9
 0001:00065850 000009E4 C=CODE     S=.text    G=(none)   M=Dialogs  ACBP=A9
 0001:00066234 00000189 C=CODE     S=.text    G=(none)   M=StdActns ACBP=A9
 0001:000663C0 00000387 C=CODE     S=.text    G=(none)   M=FlatSB   ACBP=A9
 0001:00066748 00009E75 C=CODE     S=.text    G=(none)   M=Menus    ACBP=A9
 0001:000705C0 0001F9F8 C=CODE     S=.text    G=(none)   M=Controls ACBP=A9
 0001:0008FFB8 0000580E C=CODE     S=.text    G=(none)   M=Themes   ACBP=A9
 0001:000957C8 00003961 C=CODE     S=.text    G=(none)   M=ImgList  ACBP=A9
 0001:0009912C 0000235F C=CODE     S=.text    G=(none)   M=ActnList ACBP=A9
 0001:0009B48C 000156DD C=CODE     S=.text    G=(none)   M=Forms    ACBP=A9
 0001:000B0B6C 000007EF C=CODE     S=.text    G=(none)   M=IdException ACBP=A9
 0001:000B135C 000004B3 C=CODE     S=.text    G=(none)   M=IdStreamVCL ACBP=A9
 0001:000B1810 000001F8 C=CODE     S=.text    G=(none)   M=IdResourceStrings ACBP=A9
 0001:000B1A08 000035CE C=CODE     S=.text    G=(none)   M=IdGlobal ACBP=A9
 0001:000B4FD8 00000394 C=CODE     S=.text    G=(none)   M=IdBaseComponent ACBP=A9
 0001:000B536C 00008DAB C=CODE     S=.text    G=(none)   M=IdWinsock2 ACBP=A9
 0001:000BE118 00000532 C=CODE     S=.text    G=(none)   M=IdWship6 ACBP=A9
 0001:000BE64C 00001456 C=CODE     S=.text    G=(none)   M=IdStackBSDBase ACBP=A9
 0001:000BFAA4 00003568 C=CODE     S=.text    G=(none)   M=IdStackWindows ACBP=A9
 0001:000C300C 00002E53 C=CODE     S=.text    G=(none)   M=IdStack  ACBP=A9
 0001:000C5E60 000008EC C=CODE     S=.text    G=(none)   M=IdComponent ACBP=A9
 0001:000C674C 000004D2 C=CODE     S=.text    G=(none)   M=IdAntiFreezeBase ACBP=A9
 0001:000C6C20 0000184E C=CODE     S=.text    G=(none)   M=IdSocketHandle ACBP=A9
 0001:000C8470 00000168 C=CODE     S=.text    G=(none)   M=IdResourceStringsCore ACBP=A9
 0001:000C85D8 00000D1A C=CODE     S=.text    G=(none)   M=IdReply  ACBP=A9
 0001:000C92F4 00001E9A C=CODE     S=.text    G=(none)   M=IdBuffer ACBP=A9
 0001:000CB190 00000888 C=CODE     S=.text    G=(none)   M=IdIntercept ACBP=A9
 0001:000CBA18 000018EB C=CODE     S=.text    G=(none)   M=IdExceptionCore ACBP=A9
 0001:000CD304 0000507F C=CODE     S=.text    G=(none)   M=IdIOHandler ACBP=A9
 0001:000D2384 00000C60 C=CODE     S=.text    G=(none)   M=IdCustomTransparentProxy ACBP=A9
 0001:000D2FE4 00000741 C=CODE     S=.text    G=(none)   M=IdReplyRFC ACBP=A9
 0001:000D3728 00001012 C=CODE     S=.text    G=(none)   M=IdTCPClient ACBP=A9
 0001:000D473C 000007EC C=CODE     S=.text    G=(none)   M=IdIPAddress ACBP=A9
 0001:000D4F28 00003814 C=CODE     S=.text    G=(none)   M=IdSocks  ACBP=A9
 0001:000D873C 00000C52 C=CODE     S=.text    G=(none)   M=IdIOHandlerSocket ACBP=A9
 0001:000D9390 00000B87 C=CODE     S=.text    G=(none)   M=IdIOHandlerStack ACBP=A9
 0001:000D9F18 000013DD C=CODE     S=.text    G=(none)   M=IdTCPConnection ACBP=A9
 0001:000DB2F8 00000084 C=CODE     S=.text    G=(none)   M=IdYarn   ACBP=A9
 0001:000DB37C 00000342 C=CODE     S=.text    G=(none)   M=IdTask   ACBP=A9
 0001:000DB6C0 00000C11 C=CODE     S=.text    G=(none)   M=IdThreadSafe ACBP=A9
 0001:000DC2D4 000012A7 C=CODE     S=.text    G=(none)   M=IdThread ACBP=A9
 0001:000DD57C 00000494 C=CODE     S=.text    G=(none)   M=IdScheduler ACBP=A9
 0001:000DDA10 000002F1 C=CODE     S=.text    G=(none)   M=IdServerIOHandler ACBP=A9
 0001:000DDD04 000003A7 C=CODE     S=.text    G=(none)   M=IdServerIOHandlerSocket ACBP=A9
 0001:000DE0AC 00000188 C=CODE     S=.text    G=(none)   M=IdServerIOHandlerStack ACBP=A9
 0001:000DE234 00000582 C=CODE     S=.text    G=(none)   M=IdContext ACBP=A9
 0001:000DE7B8 000001AE C=CODE     S=.text    G=(none)   M=IdSchedulerOfThreadDefault ACBP=A9
 0001:000DE968 00000272 C=CODE     S=.text    G=(none)   M=IdTCPServer ACBP=A9
 0001:000DEBDC 0000089F C=CODE     S=.text    G=(none)   M=IdSchedulerOfThread ACBP=A9
 0001:000DF47C 00001CD0 C=CODE     S=.text    G=(none)   M=IdCustomTCPServer ACBP=A9
 0001:000E114C 00000026 C=CODE     S=.text    G=(none)   M=WinSock  ACBP=A9
 0001:000E1174 00000018 C=CODE     S=.text    G=(none)   M=JConsts  ACBP=A9
 0001:000E118C 00013B69 C=CODE     S=.text    G=(none)   M=jpeg     ACBP=A9
 0001:000F4CF8 00002130 C=CODE     S=.text    G=(none)   M=Uwin     ACBP=A9
 0001:000F6E28 00005971 C=CODE     S=.text    G=(none)   M=win      ACBP=A9
 0002:00000000 000000AA C=ICODE    S=.itext   G=(none)   M=System   ACBP=A9
 0002:000000AC 00000016 C=ICODE    S=.itext   G=(none)   M=Windows  ACBP=A9
 0002:000000C4 000000B4 C=ICODE    S=.itext   G=(none)   M=SysUtils ACBP=A9
 0002:00000178 0000000F C=ICODE    S=.itext   G=(none)   M=VarUtils ACBP=A9
 0002:00000188 000000AA C=ICODE    S=.itext   G=(none)   M=Variants ACBP=A9
 0002:00000234 00000008 C=ICODE    S=.itext   G=(none)   M=TypInfo  ACBP=A9
 0002:0000023C 0000009D C=ICODE    S=.itext   G=(none)   M=Classes  ACBP=A9
 0002:000002DC 00000032 C=ICODE    S=.itext   G=(none)   M=TimeSpan ACBP=A9
 0002:00000310 0000000F C=ICODE    S=.itext   G=(none)   M=SyncObjs ACBP=A9
 0002:00000320 0000001B C=ICODE    S=.itext   G=(none)   M=UxTheme  ACBP=A9
 0002:0000033C 00000008 C=ICODE    S=.itext   G=(none)   M=HelpIntfs ACBP=A9
 0002:00000344 0000000F C=ICODE    S=.itext   G=(none)   M=MultiMon ACBP=A9
 0002:00000354 00000460 C=ICODE    S=.itext   G=(none)   M=IOUtils  ACBP=A9
 0002:000007B4 00000008 C=ICODE    S=.itext   G=(none)   M=IniFiles ACBP=A9
 0002:000007BC 00000008 C=ICODE    S=.itext   G=(none)   M=Registry ACBP=A9
 0002:000007C4 000000FB C=ICODE    S=.itext   G=(none)   M=Graphics ACBP=A9
 0002:000008C0 00000086 C=ICODE    S=.itext   G=(none)   M=GraphUtil ACBP=A9
 0002:00000948 00000008 C=ICODE    S=.itext   G=(none)   M=Printers ACBP=A9
 0002:00000950 00000078 C=ICODE    S=.itext   G=(none)   M=Clipbrd  ACBP=A9
 0002:000009C8 00000054 C=ICODE    S=.itext   G=(none)   M=ExtCtrls ACBP=A9
 0002:00000A1C 00000039 C=ICODE    S=.itext   G=(none)   M=ComCtrls ACBP=A9
 0002:00000A58 0000003D C=ICODE    S=.itext   G=(none)   M=Dialogs  ACBP=A9
 0002:00000A98 0000000F C=ICODE    S=.itext   G=(none)   M=FlatSB   ACBP=A9
 0002:00000AA8 00000085 C=ICODE    S=.itext   G=(none)   M=Menus    ACBP=A9
 0002:00000B30 00000088 C=ICODE    S=.itext   G=(none)   M=Controls ACBP=A9
 0002:00000BB8 00000008 C=ICODE    S=.itext   G=(none)   M=Themes   ACBP=A9
 0002:00000BC0 0000002A C=ICODE    S=.itext   G=(none)   M=ActnList ACBP=A9
 0002:00000BEC 0000005C C=ICODE    S=.itext   G=(none)   M=Forms    ACBP=A9
 0002:00000C48 00000054 C=ICODE    S=.itext   G=(none)   M=IdGlobal ACBP=A9
 0002:00000C9C 00000056 C=ICODE    S=.itext   G=(none)   M=IdWinsock2 ACBP=A9
 0002:00000CF4 00000008 C=ICODE    S=.itext   G=(none)   M=IdWship6 ACBP=A9
 0002:00000CFC 00000080 C=ICODE    S=.itext   G=(none)   M=IdStackWindows ACBP=A9
 0002:00000D7C 0000002F C=ICODE    S=.itext   G=(none)   M=IdStack  ACBP=A9
 0002:00000DAC 00000014 C=ICODE    S=.itext   G=(none)   M=IdComponent ACBP=A9
 0002:00000DC0 00000008 C=ICODE    S=.itext   G=(none)   M=IdIOHandler ACBP=A9
 0002:00000DC8 00000014 C=ICODE    S=.itext   G=(none)   M=IdIOHandlerStack ACBP=A9
 0002:00000DDC 00000054 C=ICODE    S=.itext   G=(none)   M=IdThread ACBP=A9
 0002:00000E30 000000C0 C=ICODE    S=.itext   G=(none)   M=jpeg     ACBP=A9
 0002:00000EF0 0000006C C=ICODE    S=.itext   G=(none)   M=win      ACBP=A9
 0003:00000000 000009F4 C=DATA     S=.data    G=DGROUP   M=System   ACBP=A9
 0003:000009F4 00000024 C=DATA     S=.data    G=DGROUP   M=SysInit  ACBP=A9
 0003:00000A18 0000000C C=DATA     S=.data    G=DGROUP   M=Windows  ACBP=A9
 0003:00000A24 00000010 C=DATA     S=.data    G=DGROUP   M=ActiveX  ACBP=A9
 0003:00000A34 00000100 C=DATA     S=.data    G=DGROUP   M=Character ACBP=A9
 0003:00000B34 000002E0 C=DATA     S=.data    G=DGROUP   M=SysUtils ACBP=A9
 0003:00000E14 00000008 C=DATA     S=.data    G=DGROUP   M=VarUtils ACBP=A9
 0003:00000E1C 00000152 C=DATA     S=.data    G=DGROUP   M=Variants ACBP=A9
 0003:00000F70 0000000C C=DATA     S=.data    G=DGROUP   M=TypInfo  ACBP=A9
 0003:00000F7C 00000134 C=DATA     S=.data    G=DGROUP   M=Classes  ACBP=A9
 0003:000010B0 00000090 C=DATA     S=.data    G=DGROUP   M=Wincodec ACBP=A9
 0003:00001140 00000030 C=DATA     S=.data    G=DGROUP   M=IOUtils  ACBP=A9
 0003:00001170 0000000C C=DATA     S=.data    G=DGROUP   M=IniFiles ACBP=A9
 0003:0000117C 00000024 C=DATA     S=.data    G=DGROUP   M=Registry ACBP=A9
 0003:000011A0 000003C8 C=DATA     S=.data    G=DGROUP   M=Graphics ACBP=A9
 0003:00001568 00000450 C=DATA     S=.data    G=DGROUP   M=GraphUtil ACBP=A9
 0003:000019B8 0000006C C=DATA     S=.data    G=DGROUP   M=StdCtrls ACBP=A9
 0003:00001A24 0000000C C=DATA     S=.data    G=DGROUP   M=Printers ACBP=A9
 0003:00001A30 00000010 C=DATA     S=.data    G=DGROUP   M=ComCtrls ACBP=A9
 0003:00001A40 0000007C C=DATA     S=.data    G=DGROUP   M=Dialogs  ACBP=A9
 0003:00001ABC 00000144 C=DATA     S=.data    G=DGROUP   M=Menus    ACBP=A9
 0003:00001C00 000001BC C=DATA     S=.data    G=DGROUP   M=Controls ACBP=A9
 0003:00001DBC 00000068 C=DATA     S=.data    G=DGROUP   M=Themes   ACBP=A9
 0003:00001E24 00000048 C=DATA     S=.data    G=DGROUP   M=ImgList  ACBP=A9
 0003:00001E6C 00000144 C=DATA     S=.data    G=DGROUP   M=Forms    ACBP=A9
 0003:00001FB0 00000058 C=DATA     S=.data    G=DGROUP   M=IdGlobal ACBP=A9
 0003:00002008 00000278 C=DATA     S=.data    G=DGROUP   M=IdWinsock2 ACBP=A9
 0003:00002280 00000044 C=DATA     S=.data    G=DGROUP   M=IdWship6 ACBP=A9
 0003:000022C4 00000004 C=DATA     S=.data    G=DGROUP   M=IdStackConsts ACBP=A9
 0003:000022C8 0000000C C=DATA     S=.data    G=DGROUP   M=IdStackBSDBase ACBP=A9
 0003:000022D4 0000000C C=DATA     S=.data    G=DGROUP   M=IdStackWindows ACBP=A9
 0003:000022E0 00000014 C=DATA     S=.data    G=DGROUP   M=IdStack  ACBP=A9
 0003:000022F4 00000024 C=DATA     S=.data    G=DGROUP   M=IdComponent ACBP=A9
 0003:00002318 00000004 C=DATA     S=.data    G=DGROUP   M=IdAntiFreezeBase ACBP=A9
 0003:0000231C 00000008 C=DATA     S=.data    G=DGROUP   M=IdIOHandler ACBP=A9
 0003:00002324 00000004 C=DATA     S=.data    G=DGROUP   M=IdThread ACBP=A9
 0003:00002328 00000958 C=DATA     S=.data    G=DGROUP   M=jpeg     ACBP=A9
 0004:00000000 00002C38 C=BSS      S=.bss     G=DGROUP   M=System   ACBP=A9
 0004:00002C38 0000000C C=BSS      S=.bss     G=DGROUP   M=SysInit  ACBP=A9
 0004:00002C44 00000008 C=BSS      S=.bss     G=DGROUP   M=Windows  ACBP=A9
 0004:00002C4C 0000001C C=BSS      S=.bss     G=DGROUP   M=Character ACBP=A9
 0004:00002C68 00002240 C=BSS      S=.bss     G=DGROUP   M=SysUtils ACBP=A9
 0004:00004EA8 0000005C C=BSS      S=.bss     G=DGROUP   M=VarUtils ACBP=A9
 0004:00004F04 00000040 C=BSS      S=.bss     G=DGROUP   M=Variants ACBP=A9
 0004:00004F44 00000004 C=BSS      S=.bss     G=DGROUP   M=TypInfo  ACBP=A9
 0004:00004F48 00000048 C=BSS      S=.bss     G=DGROUP   M=Classes  ACBP=A9
 0004:00004F90 00000014 C=BSS      S=.bss     G=DGROUP   M=TimeSpan ACBP=A9
 0004:00004FA4 00000018 C=BSS      S=.bss     G=DGROUP   M=SyncObjs ACBP=A9
 0004:00004FBC 000000CC C=BSS      S=.bss     G=DGROUP   M=UxTheme  ACBP=A9
 0004:00005088 00000008 C=BSS      S=.bss     G=DGROUP   M=HelpIntfs ACBP=A9
 0004:00005090 00000031 C=BSS      S=.bss     G=DGROUP   M=MultiMon ACBP=A9
 0004:000050C4 00000024 C=BSS      S=.bss     G=DGROUP   M=IOUtils  ACBP=A9
 0004:000050E8 00000004 C=BSS      S=.bss     G=DGROUP   M=IniFiles ACBP=A9
 0004:000050EC 00000004 C=BSS      S=.bss     G=DGROUP   M=Registry ACBP=A9
 0004:000050F0 00000064 C=BSS      S=.bss     G=DGROUP   M=Graphics ACBP=A9
 0004:00005154 00000010 C=BSS      S=.bss     G=DGROUP   M=GraphUtil ACBP=A9
 0004:00005164 00000004 C=BSS      S=.bss     G=DGROUP   M=Printers ACBP=A9
 0004:00005168 0000000C C=BSS      S=.bss     G=DGROUP   M=Clipbrd  ACBP=A9
 0004:00005174 00000008 C=BSS      S=.bss     G=DGROUP   M=ExtCtrls ACBP=A9
 0004:0000517C 00000010 C=BSS      S=.bss     G=DGROUP   M=ComCtrls ACBP=A9
 0004:0000518C 0000000C C=BSS      S=.bss     G=DGROUP   M=Dialogs  ACBP=A9
 0004:00005198 00000034 C=BSS      S=.bss     G=DGROUP   M=FlatSB   ACBP=A9
 0004:000051CC 00000010 C=BSS      S=.bss     G=DGROUP   M=Menus    ACBP=A9
 0004:000051DC 0000008C C=BSS      S=.bss     G=DGROUP   M=Controls ACBP=A9
 0004:00005268 0000000C C=BSS      S=.bss     G=DGROUP   M=Themes   ACBP=A9
 0004:00005274 00000008 C=BSS      S=.bss     G=DGROUP   M=ImgList  ACBP=A9
 0004:0000527C 00000004 C=BSS      S=.bss     G=DGROUP   M=ActnList ACBP=A9
 0004:00005280 00000028 C=BSS      S=.bss     G=DGROUP   M=Forms    ACBP=A9
 0004:000052A8 00000004 C=BSS      S=.bss     G=DGROUP   M=IdGlobal ACBP=A9
 0004:000052AC 00000024 C=BSS      S=.bss     G=DGROUP   M=IdWinsock2 ACBP=A9
 0004:000052D0 00000004 C=BSS      S=.bss     G=DGROUP   M=IdWship6 ACBP=A9
 0004:000052D4 00000004 C=BSS      S=.bss     G=DGROUP   M=IdStackWindows ACBP=A9
 0004:000052D8 00000008 C=BSS      S=.bss     G=DGROUP   M=IdStack  ACBP=A9
 0004:000052E0 00000004 C=BSS      S=.bss     G=DGROUP   M=IdComponent ACBP=A9
 0004:000052E4 00000004 C=BSS      S=.bss     G=DGROUP   M=IdIOHandler ACBP=A9
 0004:000052E8 00000004 C=BSS      S=.bss     G=DGROUP   M=IdIOHandlerStack ACBP=A9
 0004:000052EC 00000004 C=BSS      S=.bss     G=DGROUP   M=IdThread ACBP=A9
 0004:000052F0 00000004 C=BSS      S=.bss     G=DGROUP   M=jpeg     ACBP=A9
 0004:000052F4 00000004 C=BSS      S=.bss     G=DGROUP   M=Uwin     ACBP=A9
 0005:00000000 00000008 C=TLS      S=.tls     G=(none)   M=System   ACBP=A9
 0005:00000008 0000000C C=TLS      S=.tls     G=(none)   M=Classes  ACBP=A9
 0005:00000014 00000004 C=TLS      S=.tls     G=(none)   M=SyncObjs ACBP=A9
 0005:00000018 00000024 C=TLS      S=.tls     G=(none)   M=GraphUtil ACBP=A9


  Address             Publics by Name

 0001:0000B620       ActiveX.CoCreateInstance
 0003:00000A24       ActiveX.GUID_NULL
 0001:0000B618       ActiveX.IsEqualGUID
 0001:0000B628       ActiveX.OleInitialize
 0001:0000B630       ActiveX.OleUninitialize
 0004:0000527C       ActnList..9
 0001:0009A314       ActnList..TActionLink
 0001:00099434       ActnList..TActionListEnumerator
 0001:0009912C       ActnList..TContainedAction
 0001:00099CE0       ActnList..TCustomAction
 0001:000996A4       ActnList..TCustomActionList
 0001:00099AB8       ActnList..TShortCutList
 0002:00000BC0       ActnList.ActnList
 0001:0009B484       ActnList.Finalization
 0001:0009AACC       ActnList.TActionLink.IsCaptionLinked
 0001:0009AAE0       ActnList.TActionLink.IsCheckedLinked
 0001:0009AAF4       ActnList.TActionLink.IsEnabledLinked
 0001:0009AB08       ActnList.TActionLink.IsGroupIndexLinked
 0001:0009AB1C       ActnList.TActionLink.IsHelpContextLinked
 0001:0009AB30       ActnList.TActionLink.IsHelpLinked
 0001:0009AB44       ActnList.TActionLink.IsHintLinked
 0001:0009AB58       ActnList.TActionLink.IsImageIndexLinked
 0001:0009AB6C       ActnList.TActionLink.IsShortCutLinked
 0001:0009AB80       ActnList.TActionLink.IsVisibleLinked
 0001:0009AB94       ActnList.TActionLink.SetAutoCheck
 0001:0009AB98       ActnList.TActionLink.SetCaption
 0001:0009AB9C       ActnList.TActionLink.SetChecked
 0001:0009ABA0       ActnList.TActionLink.SetEnabled
 0001:0009ABA4       ActnList.TActionLink.SetGroupIndex
 0001:0009ABA8       ActnList.TActionLink.SetHelpContext
 0001:0009ABAC       ActnList.TActionLink.SetHelpKeyword
 0001:0009ABB0       ActnList.TActionLink.SetHelpType
 0001:0009ABB4       ActnList.TActionLink.SetHint
 0001:0009ABB8       ActnList.TActionLink.SetImageIndex
 0001:0009ABBC       ActnList.TActionLink.SetShortCut
 0001:0009ABC0       ActnList.TActionLink.SetVisible
 0001:0009A630       ActnList.TActionListEnumerator.Create
 0001:0009A674       ActnList.TActionListEnumerator.GetCurrent
 0001:0009A680       ActnList.TActionListEnumerator.MoveNext
 0001:0009A41C       ActnList.TContainedAction.Destroy
 0001:0009A588       ActnList.TContainedAction.Execute
 0001:0009A450       ActnList.TContainedAction.GetIndex
 0001:0009A46C       ActnList.TContainedAction.GetParentComponent
 0001:0009A47C       ActnList.TContainedAction.HasParent
 0001:0009A468       ActnList.TContainedAction.IsCategoryStored
 0001:0009A48C       ActnList.TContainedAction.ReadState
 0001:0009A534       ActnList.TContainedAction.SetActionList
 0001:0009A508       ActnList.TContainedAction.SetCategory
 0001:0009A4C0       ActnList.TContainedAction.SetIndex
 0001:0009A55C       ActnList.TContainedAction.SetParentComponent
 0001:0009A5E0       ActnList.TContainedAction.Update
 0001:0009AC70       ActnList.TCustomAction.AssignTo
 0001:0009ABC4       ActnList.TCustomAction.Create
 0001:0009AC18       ActnList.TCustomAction.Destroy
 0001:0009B2FC       ActnList.TCustomAction.DoHint
 0001:0009B324       ActnList.TCustomAction.Execute
 0001:0009B388       ActnList.TCustomAction.GetSecondaryShortCuts
 0001:0009B408       ActnList.TCustomAction.HandleShortCut
 0001:0009B3E4       ActnList.TCustomAction.IsSecondaryShortCutsStored
 0001:0009AD7C       ActnList.TCustomAction.SetAutoCheck
 0001:0009ADDC       ActnList.TCustomAction.SetCaption
 0001:0009AE3C       ActnList.TCustomAction.SetChecked
 0001:0009AF44       ActnList.TCustomAction.SetEnabled
 0001:0009AFC0       ActnList.TCustomAction.SetGroupIndex
 0001:0009B0D8       ActnList.TCustomAction.SetHelpContext
 0001:0009B070       ActnList.TCustomAction.SetHelpKeyword
 0001:0009B018       ActnList.TCustomAction.SetHelpType
 0001:0009B130       ActnList.TCustomAction.SetHint
 0001:0009B190       ActnList.TCustomAction.SetImageIndex
 0001:0009B2B0       ActnList.TCustomAction.SetName
 0001:0009B3B0       ActnList.TCustomAction.SetSecondaryShortCuts
 0001:0009B1EC       ActnList.TCustomAction.SetShortCut
 0001:0009B250       ActnList.TCustomAction.SetVisible
 0001:0009A894       ActnList.TCustomActionList.AddAction
 0001:0009A8DC       ActnList.TCustomActionList.Change
 0001:0009A69C       ActnList.TCustomActionList.Create
 0001:0009A708       ActnList.TCustomActionList.Destroy
 0001:0009A9E8       ActnList.TCustomActionList.ExecuteAction
 0001:0009A7D8       ActnList.TCustomActionList.GetAction
 0001:0009A7EC       ActnList.TCustomActionList.GetActionCount
 0001:0009A760       ActnList.TCustomActionList.GetChildren
 0001:0009A7F4       ActnList.TCustomActionList.GetEnumerator
 0001:0009A838       ActnList.TCustomActionList.ImageListChange
 0001:0009A944       ActnList.TCustomActionList.IsShortCut
 0001:0009A844       ActnList.TCustomActionList.Notification
 0001:0009A8B4       ActnList.TCustomActionList.RemoveAction
 0001:0009A7A8       ActnList.TCustomActionList.SetChildOrder
 0001:0009A804       ActnList.TCustomActionList.SetImages
 0001:0009AA28       ActnList.TCustomActionList.SetState
 0001:0009AA08       ActnList.TCustomActionList.UpdateAction
 0001:0009B414       ActnList.TShortCutList.Add
 0001:0009B440       ActnList.TShortCutList.IndexOfShortCut
 0004:00002C58       Character.CategoryTable
 0004:00002C50       Character.CatIndexPrimary
 0004:00002C54       Character.CatIndexSecondary
 0004:00002C4C       Character.DataTable
 0003:00000A34       Character.Latin1Categories
 0004:00002C64       Character.NumericValueTable
 0004:00002C5C       Character.NumIndexPrimary
 0004:00002C60       Character.NumIndexSecondary
 0001:0000BC88       Character.TCharacter.CheckLetter
 0001:0000BC94       Character.TCharacter.CheckLetterOrDigit
 0001:0000BDB0       Character.TCharacter.GetUnicodeCategory
 0001:0000BE10       Character.TCharacter.Initialize
 0001:0000BDA4       Character.TCharacter.IsAscii
 0001:0000BCA4       Character.TCharacter.IsLatin1
 0001:0000BCB0       Character.TCharacter.IsLetter
 0001:0000BD3C       Character.TCharacter.IsLetterOrDigit
 0004:00004F58       Classes..66
 0001:00028024       Classes..EBitsError
 0001:00027DBC       Classes..EClassNotFound
 0001:0002815C       Classes..EComponentError
 0001:00027AC4       Classes..EFCreateError
 0001:00027BF8       Classes..EFilerError
 0001:000279C8       Classes..EFileStreamError
 0001:00027B60       Classes..EFOpenError
 0001:00027E58       Classes..EInvalidImage
 0001:0002829C       Classes..EInvalidOperation
 0001:00027F90       Classes..EListError
 0001:000281FC       Classes..EOutOfResources
 0001:00027C90       Classes..EReadError
 0001:00027EF4       Classes..EResNotFound
 0001:0002792C       Classes..EStreamError
 0001:000280B8       Classes..EStringListError
 0001:0002F2B8       Classes..EThread
 0001:00027D24       Classes..EWriteError
 0001:00030C60       Classes..TBasicAction
 0001:00030A44       Classes..TBasicActionLink
 0001:00029044       Classes..TBits
 0001:0002CBB8       Classes..TClassFinder
 0001:000298C8       Classes..TCollection
 0001:00029724       Classes..TCollectionEnumerator
 0001:000294B8       Classes..TCollectionItem
 0001:000300FC       Classes..TComponent
 0001:0003F894       Classes..TComponent.FindComponent$ActRec
 0001:0002FCA4       Classes..TComponentEnumerator
 0001:0002BDFC       Classes..TCustomMemoryStream
 0001:0002CF8C       Classes..TFiler
 0001:0002BC18       Classes..TFileStream
 0001:0002BA00       Classes..THandleStream
 0001:00032B14       Classes..TIntConst
 0001:00029344       Classes..TInterfacedPersistent
 0001:00028678       Classes..TList
 0001:00033A40       Classes..TList.Sort$ActRec
 0001:000284A4       Classes..TListEnumerator
 0001:0002C044       Classes..TMemoryStream
 0001:00029D60       Classes..TOwnedCollection
 0001:0002917C       Classes..TPersistent
 0001:00037D90       Classes..TPropFixup
 0001:00037FBC       Classes..TPropIntfFixup
 0001:0002D9A4       Classes..TReader
 0001:000311F4       Classes..TRegGroup
 0001:00031654       Classes..TRegGroups
 0001:0002C28C       Classes..TResourceStream
 0001:0002B3F4       Classes..TStream
 0001:0002C60C       Classes..TStreamAdapter
 0001:0002AD78       Classes..TStringList
 0001:0002A100       Classes..TStrings
 0001:00029F58       Classes..TStringsEnumerator
 0001:0002F4AC       Classes..TThread
 0001:00028D8C       Classes..TThreadList
 0001:0002E8AC       Classes..TWriter
 0001:00032AA0       Classes.ActivateClassGroup
 0003:00000F7C       Classes.AddDataModule
 0001:000382E8       Classes.AddFinished
 0001:00038320       Classes.AddNotFinished
 0001:00038F8C       Classes.AddSubComponentsToLoaded
 0001:00040A00       Classes.AllocateHWnd
 0001:0003C528       Classes.AncestorIsValid
 0003:00000F8C       Classes.ApplicationHandleException
 0003:00000F94       Classes.ApplicationShowException
 0001:00032F80       Classes.BeginGlobalLoading
 0001:0003DF74       Classes.BinToHex
 0003:00001084       Classes.BlockCode
 0001:000311B8       Classes.Bounds
 0001:00040860       Classes.CalcJmpOffset
 0001:00038FC8       Classes.CheckSubComponents
 0001:0003E14C       Classes.CheckSynchronize
 0002:0000024C       Classes.Classes
 0001:000327E4       Classes.ClassNotFound
 0001:00040914       Classes.CleanupInstFreeList
 0001:00033220       Classes.CollectionsEqual
 0001:000390A8       Classes.ComponentCreated
 0003:00000FD4       Classes.Convert
 0003:00000FF4       Classes.Convert
 0001:0003AFC8       Classes.CopyBinary
 0001:0003AF38       Classes.CopyBytes
 0001:0003AEEC       Classes.CopyList
 0001:0003AE64       Classes.CopySetBody
 0001:00039128       Classes.CreateComponent
 0003:00000F9C       Classes.CreateVCLComObjectProc
 0001:00040AB4       Classes.DeallocateHWnd
 0001:0003E074       Classes.DoneThreadSynchronization
 0001:000350CC       Classes.DoWrite
 0003:00000FAC       Classes.Dummy32bitResHeader
 0001:00040ADC       Classes.EFileStreamError.Create
 0001:00033008       Classes.EndGlobalLoading
 0001:00037BC8       Classes.Error
 0001:00032288       Classes.Error
 0004:00004F84       Classes.ExternalThreads
 0003:00000FA8       Classes.FilerSignature
 0001:00040B8C       Classes.Finalization
 0001:0003BC18       Classes.FindAncestor
 0001:000328BC       Classes.FindClass
 0001:000392D8       Classes.FindExistingComponent
 0001:00032E98       Classes.FindGlobalComponent
 0004:00004F64       Classes.FindGlobalComponentProcs
 0001:00032D3C       Classes.FindIdentToInt
 0001:00032CC0       Classes.FindIntToIdent
 0001:0003C99C       Classes.FindMethodName
 0001:000381F0       Classes.FindNestedComponent
 0001:0003A354       Classes.FindUniqueName
 0001:0003E08C       Classes.FreeExternalThreads
 0001:000407C0       Classes.FreeIntConstList
 0001:00040900       Classes.FreeObjectInstance
 0001:00032850       Classes.GetClass
 0001:0003D090       Classes.GetComponentValue
 0001:000344E0       Classes.GetDesigner
 0001:000327D8       Classes.GetFieldClassTable
 0001:00040950       Classes.GetFreeInstBlockItemCount
 0004:00004F68       Classes.GlobalFixupList
 0001:00038368       Classes.GlobalFixupReferences
 0005:00000010       Classes.GlobalLists
 0005:0000000C       Classes.GlobalLoaded
 0004:00004F4C       Classes.GlobalNameSpace
 0001:00032A34       Classes.GroupDescendentsWith
 0001:00039AE8       Classes.HandleException
 0001:0003DFB4       Classes.HexToBin
 0001:00032DB8       Classes.IdentToInt
 0001:00033064       Classes.InitComponent
 0001:000330F0       Classes.InitInheritedComponent
 0001:0003E040       Classes.InitThreadSynchronization
 0004:00004F88       Classes.InstBlockList
 0004:00004F8C       Classes.InstFreeList
 0004:00004F5C       Classes.IntConstList
 0001:00032EFC       Classes.InternalReadComponentRes
 0001:00032DFC       Classes.IntToIdent
 0001:000311E0       Classes.InvalidPoint
 0001:0003C71C       Classes.IsDefault
 0001:0003C598       Classes.IsDefaultFloatProp
 0001:0003C5F4       Classes.IsDefaultInt64Prop
 0001:0003C8C0       Classes.IsDefaultInterfaceProp
 0001:0003C9F4       Classes.IsDefaultMethodProp
 0001:0003C774       Classes.IsDefaultObjectProp
 0001:0003C540       Classes.IsDefaultOrdProp
 0001:0003CB2C       Classes.IsDefaultPropertyValue
 0001:0003C64C       Classes.IsDefaultStrProp
 0001:0003C7F4       Classes.IsDefaultValue
 0001:0003CA94       Classes.IsDefaultVariantProp
 0001:00032ED8       Classes.IsUniqueGlobalComponentName
 0004:00004F50       Classes.IsUniqueGlobalComponentNameProc
 0001:00040868       Classes.MakeObjectInstance
 0001:00034130       Classes.Min
 0001:00040838       Classes.ModuleUnload
 0003:00000FCC       Classes.NilMethod
 0001:00034584       Classes.NotifyDesigner
 0001:00032FD8       Classes.NotifyGlobalLoading
 0001:0003C6DC       Classes.ObjectAncestorMatch
 0001:0003D078       Classes.OwnedBy
 0001:00031170       Classes.Point
 0003:00001068       Classes.Priorities
 0001:000386A8       Classes.PropertyNotFound
 0001:00039BB8       Classes.PropPathError
 0001:0003869C       Classes.PropValueError
 0001:00033908       Classes.QuickSort
 0001:00036D80       Classes.RaiseException
 0001:0003B4B0       Classes.ReadCustomVariant
 0001:00038684       Classes.ReadError
 0001:000390C8       Classes.Recover
 0001:00031190       Classes.Rect
 0004:00004F60       Classes.RegGroups
 0001:000328DC       Classes.RegisterClass
 0001:00032E40       Classes.RegisterFindGlobalComponentProc
 0001:00032C94       Classes.RegisterIntegerConsts
 0001:00040980       Classes.ReleaseObjectInstanceBlocks
 0003:00000F84       Classes.RemoveDataModule
 0001:0003853C       Classes.RemoveFixupReferences
 0001:000385F0       Classes.RemoveFixups
 0001:000389EC       Classes.RemoveGlobalFixup
 0001:0003E118       Classes.ResetSyncEvent
 0001:00035238       Classes.ReturnAddr
 0001:00033484       Classes.ReturnAddr
 0001:00039238       Classes.SetCompName
 0001:000386D4       Classes.SetElementValue
 0001:00039F30       Classes.SetInterfaceReference
 0001:00039E4C       Classes.SetIntIdent
 0001:00039E94       Classes.SetObjectIdent
 0001:00039040       Classes.SetSubComponentState
 0001:00039ED4       Classes.SetVariantReference
 0001:0003E140       Classes.SignalSyncEvent
 0001:0003AC20       Classes.SkipBinary
 0001:0003AC50       Classes.SkipCollection
 0001:0003ABF4       Classes.SkipList
 0001:000329CC       Classes.StartClassGroup
 0001:00040840       Classes.StdWndProc
 0001:00036B6C       Classes.StringListCompareStrings
 0004:00004F54       Classes.SyncEvent
 0003:00001064       Classes.SyncList
 0001:0004022C       Classes.TBasicAction.Change
 0001:000400B8       Classes.TBasicAction.Create
 0001:000400FC       Classes.TBasicAction.Destroy
 0001:00040198       Classes.TBasicAction.Execute
 0001:00040168       Classes.TBasicAction.ExecuteTarget
 0001:00040164       Classes.TBasicAction.HandlesTarget
 0001:0004016C       Classes.TBasicAction.Notification
 0001:00040240       Classes.TBasicAction.RegisterChanges
 0001:0004028C       Classes.TBasicAction.SetActionComponent
 0001:000401D0       Classes.TBasicAction.SetOnExecute
 0001:0004024C       Classes.TBasicAction.UnRegisterChanges
 0001:000401B4       Classes.TBasicAction.Update
 0001:00040194       Classes.TBasicAction.UpdateTarget
 0001:00040008       Classes.TBasicActionLink.AssignClient
 0001:00040040       Classes.TBasicActionLink.Change
 0001:0003FFC4       Classes.TBasicActionLink.Create
 0001:0004000C       Classes.TBasicActionLink.Destroy
 0001:00040058       Classes.TBasicActionLink.Execute
 0001:000400A0       Classes.TBasicActionLink.IsOnExecuteLinked
 0001:00040074       Classes.TBasicActionLink.SetAction
 0001:000400A4       Classes.TBasicActionLink.SetOnExecute
 0001:000400AC       Classes.TBasicActionLink.Update
 0001:000340E8       Classes.TBits.Destroy
 0001:00034118       Classes.TBits.Error
 0001:0003420C       Classes.TBits.OpenBit
 0001:000341E0       Classes.TBits.SetBit
 0001:0003413C       Classes.TBits.SetSize
 0001:00032544       Classes.TClassFinder.Create
 0001:00032684       Classes.TClassFinder.Destroy
 0001:000326B4       Classes.TClassFinder.GetClass
 0001:00032750       Classes.TClassFinder.GetClasses
 0001:000348B4       Classes.TCollection.Add
 0001:00034DD0       Classes.TCollection.Added
 0001:000348D4       Classes.TCollection.Assign
 0001:0003497C       Classes.TCollection.BeginUpdate
 0001:00034980       Classes.TCollection.Changed
 0001:00034990       Classes.TCollection.Clear
 0001:0003481C       Classes.TCollection.Create
 0001:00034D94       Classes.TCollection.Delete
 0001:00034DD4       Classes.TCollection.Deleting
 0001:00034868       Classes.TCollection.Destroy
 0001:000349F8       Classes.TCollection.EndUpdate
 0001:00034A04       Classes.TCollection.FindItemID
 0001:00034A38       Classes.TCollection.GetAttr
 0001:00034A34       Classes.TCollection.GetAttrCount
 0001:00034A58       Classes.TCollection.GetCapacity
 0001:00034A80       Classes.TCollection.GetCount
 0001:00034A48       Classes.TCollection.GetEnumerator
 0001:00034A88       Classes.TCollection.GetItem
 0001:00034A60       Classes.TCollection.GetItemAttr
 0001:00034A9C       Classes.TCollection.GetNamePath
 0001:00034B50       Classes.TCollection.GetPropName
 0001:00034CA4       Classes.TCollection.Insert
 0001:00034CC0       Classes.TCollection.InsertItem
 0001:00034DD8       Classes.TCollection.Notify
 0001:00034DC4       Classes.TCollection.Owner
 0001:00034D28       Classes.TCollection.RemoveItem
 0001:00034D7C       Classes.TCollection.SetCapacity
 0001:00034D8C       Classes.TCollection.SetItemName
 0001:00034D90       Classes.TCollection.Update
 0001:000347B0       Classes.TCollectionEnumerator.Create
 0001:000347F4       Classes.TCollectionEnumerator.GetCurrent
 0001:00034800       Classes.TCollectionEnumerator.MoveNext
 0001:00034650       Classes.TCollectionItem.Changed
 0001:000345E8       Classes.TCollectionItem.Create
 0001:00034620       Classes.TCollectionItem.Destroy
 0001:0003468C       Classes.TCollectionItem.GetDisplayName
 0001:00034674       Classes.TCollectionItem.GetIndex
 0001:000346A0       Classes.TCollectionItem.GetNamePath
 0001:0003474C       Classes.TCollectionItem.GetOwner
 0001:00034750       Classes.TCollectionItem.SetCollection
 0001:00034778       Classes.TCollectionItem.SetDisplayName
 0001:00034780       Classes.TCollectionItem.SetIndex
 0001:0003FABC       Classes.TComponent.AddSortedComponent
 0001:0003F2D8       Classes.TComponent.BeforeDestruction
 0001:0003FB70       Classes.TComponent.ChangeName
 0001:0003F244       Classes.TComponent.Create
 0001:0003F684       Classes.TComponent.DefineProperties
 0001:0003F290       Classes.TComponent.Destroy
 0001:0003F508       Classes.TComponent.DestroyComponents
 0001:0003F574       Classes.TComponent.Destroying
 0001:0003FCCC       Classes.TComponent.ExecuteAction
 0001:0003F958       Classes.TComponent.FindComponent
 0001:0003F94C       Classes.TComponent.FindComponent$ActRec.$0$Body
 0001:0003FA44       Classes.TComponent.FindSortedComponent
 0001:0003F324       Classes.TComponent.FreeNotification
 0001:0003FE00       Classes.TComponent.FreeOnRelease
 0001:0003F728       Classes.TComponent.GetChildOwner
 0001:0003F72C       Classes.TComponent.GetChildParent
 0001:0003F720       Classes.TComponent.GetChildren
 0001:0003FD30       Classes.TComponent.GetComObject
 0001:0003FBC4       Classes.TComponent.GetComponent
 0001:0003FBF0       Classes.TComponent.GetComponentCount
 0001:0003FBA8       Classes.TComponent.GetComponentIndex
 0001:0003F730       Classes.TComponent.GetEnumerator
 0001:0003F740       Classes.TComponent.GetNamePath
 0001:0003F754       Classes.TComponent.GetOwner
 0001:0003F75C       Classes.TComponent.GetParentComponent
 0001:0003F71C       Classes.TComponent.HasParent
 0001:0003F3B8       Classes.TComponent.Insert
 0001:0003F46C       Classes.TComponent.InsertComponent
 0001:0003FE98       Classes.TComponent.IntfGetComponent
 0001:0003FE9C       Classes.TComponent.IsImplementorOf
 0001:0003F77C       Classes.TComponent.Loaded
 0001:0003F624       Classes.TComponent.Notification
 0001:0003F788       Classes.TComponent.PaletteCreated
 0001:0003FE18       Classes.TComponent.QueryInterface
 0001:0003F378       Classes.TComponent.ReadLeft
 0001:0003F78C       Classes.TComponent.ReadState
 0001:0003F38C       Classes.TComponent.ReadTop
 0001:0003FF1C       Classes.TComponent.ReferenceInterface
 0001:0003F3F4       Classes.TComponent.Remove
 0001:0003F4D0       Classes.TComponent.RemoveComponent
 0001:0003F608       Classes.TComponent.RemoveFreeNotification
 0001:0003F2E4       Classes.TComponent.RemoveFreeNotifications
 0001:0003F5B0       Classes.TComponent.RemoveNotification
 0001:0003FDE8       Classes.TComponent.SafeCallException
 0001:0003F758       Classes.TComponent.SetChildOrder
 0001:0003FC00       Classes.TComponent.SetComponentIndex
 0001:0003FC54       Classes.TComponent.SetDesigning
 0001:0003FAE0       Classes.TComponent.SetName
 0001:0003F760       Classes.TComponent.SetParentComponent
 0001:0003FCA4       Classes.TComponent.SetReference
 0001:0003FD1C       Classes.TComponent.SetSubComponent
 0001:0003FCF4       Classes.TComponent.UpdateAction
 0001:0003F770       Classes.TComponent.Updated
 0001:0003FE10       Classes.TComponent.UpdateRegistry
 0001:0003F764       Classes.TComponent.Updating
 0001:0003F824       Classes.TComponent.ValidateContainer
 0001:0003F838       Classes.TComponent.ValidateInsert
 0001:0003F79C       Classes.TComponent.ValidateRename
 0001:0003F3A0       Classes.TComponent.WriteLeft
 0001:0003F794       Classes.TComponent.WriteState
 0001:0003F3AC       Classes.TComponent.WriteTop
 0001:0003FE58       Classes.TComponent._AddRef
 0001:0003FE78       Classes.TComponent._Release
 0001:0003F1D8       Classes.TComponentEnumerator.Create
 0001:0003F21C       Classes.TComponentEnumerator.GetCurrent
 0001:0003F228       Classes.TComponentEnumerator.MoveNext
 0001:0003785C       Classes.TCustomMemoryStream.Read
 0001:000378D0       Classes.TCustomMemoryStream.SaveToFile
 0001:000378B8       Classes.TCustomMemoryStream.SaveToStream
 0001:00037894       Classes.TCustomMemoryStream.Seek
 0001:00037854       Classes.TCustomMemoryStream.SetPointer
 0001:00037D1C       Classes.TFiler.Create
 0001:0002D344       Classes.TFiler.DefineBinaryProperty
 0001:0002D33C       Classes.TFiler.DefineProperty
 0001:00037D64       Classes.TFiler.Destroy
 0001:0002D34C       Classes.TFiler.FlushBuffer
 0001:00037D8C       Classes.TFiler.SetRoot
 0001:000376AC       Classes.TFileStream.Create
 0001:00037668       Classes.TFileStream.Create
 0001:00037820       Classes.TFileStream.Destroy
 0001:000375A4       Classes.THandleStream.Create
 0001:000375E0       Classes.THandleStream.Read
 0001:00037600       Classes.THandleStream.Seek
 0001:0003762C       Classes.THandleStream.SetSize
 0001:00037640       Classes.THandleStream.SetSize
 0001:000375F0       Classes.THandleStream.Write
 0004:00004F6C       Classes.ThreadLock
 0001:0003E340       Classes.ThreadProc
 0001:00032C5C       Classes.TIntConst.Create
 0001:00034428       Classes.TInterfacedPersistent.AfterConstruction
 0001:000344B8       Classes.TInterfacedPersistent.QueryInterface
 0001:00034478       Classes.TInterfacedPersistent._AddRef
 0001:00034498       Classes.TInterfacedPersistent._Release
 0001:000333C4       Classes.TList.Add
 0001:00033C00       Classes.TList.Assign
 0001:00033404       Classes.TList.Clear
 0001:0003341C       Classes.TList.Delete
 0001:000333A4       Classes.TList.Destroy
 0001:000334C0       Classes.TList.Error
 0001:00033488       Classes.TList.Error
 0001:00033514       Classes.TList.Exchange
 0001:00033564       Classes.TList.Expand
 0001:00033BA4       Classes.TList.Extract
 0001:00033BAC       Classes.TList.ExtractItem
 0001:0003357C       Classes.TList.First
 0001:00033584       Classes.TList.Get
 0001:000335A8       Classes.TList.GetEnumerator
 0001:000335B8       Classes.TList.Grow
 0001:000335EC       Classes.TList.IndexOf
 0001:00033610       Classes.TList.IndexOfItem
 0001:0003363C       Classes.TList.Insert
 0001:000336B4       Classes.TList.Last
 0001:000336D8       Classes.TList.Move
 0001:00033BFC       Classes.TList.Notify
 0001:000337B4       Classes.TList.Pack
 0001:00033730       Classes.TList.Put
 0001:0003378C       Classes.TList.Remove
 0001:00033794       Classes.TList.RemoveItem
 0001:00033828       Classes.TList.SetCapacity
 0001:00033864       Classes.TList.SetCount
 0001:00033B04       Classes.TList.Sort
 0001:00033AF8       Classes.TList.Sort$ActRec.$0$Body
 0001:00033B84       Classes.TList.SortList
 0001:0003333C       Classes.TListEnumerator.Create
 0001:00033380       Classes.TListEnumerator.GetCurrent
 0001:0003338C       Classes.TListEnumerator.MoveNext
 0001:00037954       Classes.TMemoryStream.Clear
 0001:00037928       Classes.TMemoryStream.Destroy
 0001:000379A4       Classes.TMemoryStream.LoadFromFile
 0001:0003796C       Classes.TMemoryStream.LoadFromStream
 0001:00037A4C       Classes.TMemoryStream.Realloc
 0001:000379F8       Classes.TMemoryStream.SetCapacity
 0001:00037A20       Classes.TMemoryStream.SetSize
 0001:00037ACC       Classes.TMemoryStream.Write
 0001:00034DFC       Classes.TOwnedCollection.Create
 0001:00034E40       Classes.TOwnedCollection.GetOwner
 0001:000342B0       Classes.TPersistent.Assign
 0001:000342C4       Classes.TPersistent.AssignError
 0001:00034380       Classes.TPersistent.AssignTo
 0001:00034388       Classes.TPersistent.DefineProperties
 0001:00034284       Classes.TPersistent.Destroy
 0001:0003438C       Classes.TPersistent.GetNamePath
 0001:00034424       Classes.TPersistent.GetOwner
 0001:000380A4       Classes.TPropFixup.Create
 0001:000380FC       Classes.TPropFixup.MakeGlobalReference
 0001:0003815C       Classes.TPropFixup.ResolveReference
 0001:0003816C       Classes.TPropIntfFixup.ResolveReference
 0001:00038728       Classes.TReader.BeginReferences
 0001:00038790       Classes.TReader.CheckValue
 0001:0003B020       Classes.TReader.CopyValue
 0001:000387F0       Classes.TReader.DefineBinaryProperty
 0001:000387B4       Classes.TReader.DefineProperty
 0001:000386EC       Classes.TReader.Destroy
 0001:00038A74       Classes.TReader.DoFixupReferences
 0001:000388D8       Classes.TReader.EndOfList
 0001:000388EC       Classes.TReader.EndReferences
 0001:00038908       Classes.TReader.Error
 0001:0003B2FC       Classes.TReader.FindAncestorComponent
 0001:0003B3F4       Classes.TReader.FindComponentClass
 0001:0003899C       Classes.TReader.FindMethod
 0001:0003892C       Classes.TReader.FindMethodInstance
 0001:00038BB8       Classes.TReader.FixupReferences
 0001:00038BF0       Classes.TReader.FlushBuffer
 0001:00038C14       Classes.TReader.FreeFixups
 0001:00038C50       Classes.TReader.GetFieldClass
 0001:00038CE4       Classes.TReader.GetPosition
 0001:00038CFC       Classes.TReader.NextValue
 0001:00038D0C       Classes.TReader.PropertyError
 0001:00038D20       Classes.TReader.Read
 0001:00038DA8       Classes.TReader.ReadBoolean
 0001:00038D6C       Classes.TReader.ReadBuffer
 0001:00038DBC       Classes.TReader.ReadChar
 0001:00038EB0       Classes.TReader.ReadCollection
 0001:0003937C       Classes.TReader.ReadComponent
 0001:0003A6F0       Classes.TReader.ReadComponents
 0001:000397BC       Classes.TReader.ReadCurrency
 0001:000395BC       Classes.TReader.ReadData
 0001:0003962C       Classes.TReader.ReadDataInner
 0001:0003980C       Classes.TReader.ReadDate
 0001:00039734       Classes.TReader.ReadDouble
 0001:000396FC       Classes.TReader.ReadFloat
 0001:00039850       Classes.TReader.ReadIdent
 0001:00039A54       Classes.TReader.ReadInt64
 0001:000399E8       Classes.TReader.ReadInteger
 0001:00039A98       Classes.TReader.ReadListBegin
 0001:00039AA0       Classes.TReader.ReadListEnd
 0001:00039AA8       Classes.TReader.ReadPrefix
 0001:00039BD4       Classes.TReader.ReadProperty
 0001:00039FF0       Classes.TReader.ReadPropValue
 0001:0003A3BC       Classes.TReader.ReadRootComponent
 0001:0003A7E0       Classes.TReader.ReadSet
 0001:0003A89C       Classes.TReader.ReadSignature
 0001:00039778       Classes.TReader.ReadSingle
 0001:0003A8C0       Classes.TReader.ReadStr
 0001:0003A950       Classes.TReader.ReadString
 0001:0003AB78       Classes.TReader.ReadValue
 0001:0003B678       Classes.TReader.ReadVariant
 0001:00038E50       Classes.TReader.ReadWideChar
 0001:0003AA38       Classes.TReader.ReadWideString
 0001:0003B3B4       Classes.TReader.ReferenceName
 0001:0003B3CC       Classes.TReader.SetName
 0001:0003AB8C       Classes.TReader.SetPosition
 0001:0003B468       Classes.TReader.SkipBytes
 0001:0003B250       Classes.TReader.SkipComponent
 0001:0003B208       Classes.TReader.SkipProperty
 0001:0003ABAC       Classes.TReader.SkipSetBody
 0001:0003ACB4       Classes.TReader.SkipValue
 0001:00031B30       Classes.TRegGroup.AddClass
 0001:00031B3C       Classes.TRegGroup.BestClass
 0001:00031B9C       Classes.TRegGroup.BestGroup
 0001:00031C0C       Classes.TRegGroup.Create
 0001:00031C68       Classes.TRegGroup.Destroy
 0001:00031CA8       Classes.TRegGroup.GetClass
 0001:00031CF8       Classes.TRegGroup.GetClasses
 0001:00031D40       Classes.TRegGroup.IndexOfClass
 0001:00031DB8       Classes.TRegGroup.InGroup
 0001:00031DFC       Classes.TRegGroup.RegisterClass
 0001:00031EB0       Classes.TRegGroup.RegisterClassAlias
 0001:00031EE8       Classes.TRegGroup.Registered
 0001:00031F00       Classes.TRegGroup.UnregisterClass
 0001:00031F60       Classes.TRegGroup.UnregisterModuleClasses
 0001:000320A0       Classes.TRegGroups.Activate
 0001:000320EC       Classes.TRegGroups.AddClass
 0001:0003210C       Classes.TRegGroups.Create
 0001:00032180       Classes.TRegGroups.Destroy
 0001:000321E0       Classes.TRegGroups.FindGroup
 0001:00032224       Classes.TRegGroups.GetClass
 0001:00032268       Classes.TRegGroups.GroupedWith
 0001:0003230C       Classes.TRegGroups.GroupWith
 0001:000323E0       Classes.TRegGroups.Lock
 0001:000323EC       Classes.TRegGroups.RegisterClass
 0001:00032404       Classes.TRegGroups.RegisterClassAlias
 0001:00032424       Classes.TRegGroups.Registered
 0001:00032468       Classes.TRegGroups.StartGroup
 0001:000324B8       Classes.TRegGroups.Unlock
 0001:000324C4       Classes.TRegGroups.UnregisterClass
 0001:000324F4       Classes.TRegGroups.UnregisterModuleClasses
 0001:00037B1C       Classes.TResourceStream.Create
 0001:00037B74       Classes.TResourceStream.CreateFromID
 0001:00037CD4       Classes.TResourceStream.Destroy
 0001:00037C68       Classes.TResourceStream.Initialize
 0001:00037D04       Classes.TResourceStream.Write
 0001:00036F58       Classes.TStream.CopyFrom
 0001:000373C0       Classes.TStream.FixupResourceHeader
 0001:00036C94       Classes.TStream.GetPosition
 0001:00036CC8       Classes.TStream.GetSize
 0001:0002B9F0       Classes.TStream.Read
 0001:00036EE8       Classes.TStream.ReadBuffer
 0001:0003704C       Classes.TStream.ReadComponent
 0001:00037110       Classes.TStream.ReadComponentRes
 0001:000374B8       Classes.TStream.ReadResHeader
 0001:00036DF4       Classes.TStream.Seek
 0001:00036E78       Classes.TStream.Seek
 0001:00036CB4       Classes.TStream.SetPosition
 0001:00036D2C       Classes.TStream.SetSize
 0001:00036D14       Classes.TStream.SetSize
 0001:00036D18       Classes.TStream.SetSize64
 0001:0002B9F8       Classes.TStream.Write
 0001:00036F20       Classes.TStream.WriteBuffer
 0001:000370AC       Classes.TStream.WriteComponent
 0001:0003712C       Classes.TStream.WriteComponentRes
 0001:000370B4       Classes.TStream.WriteDescendent
 0001:00037484       Classes.TStream.WriteDescendentRes
 0001:00037134       Classes.TStream.WriteResourceHeader
 0001:000407A8       Classes.TStreamAdapter.Clone
 0001:000406FC       Classes.TStreamAdapter.Commit
 0001:000404F4       Classes.TStreamAdapter.CopyTo
 0001:000402B8       Classes.TStreamAdapter.Create
 0001:00040304       Classes.TStreamAdapter.Destroy
 0001:00040714       Classes.TStreamAdapter.LockRegion
 0001:0004033C       Classes.TStreamAdapter.Read
 0001:00040708       Classes.TStreamAdapter.Revert
 0001:0004040C       Classes.TStreamAdapter.Seek
 0001:00040490       Classes.TStreamAdapter.SetSize
 0001:0004072C       Classes.TStreamAdapter.Stat
 0001:00040720       Classes.TStreamAdapter.UnlockRegion
 0001:000403A4       Classes.TStreamAdapter.Write
 0001:0003657C       Classes.TStringList.Add
 0001:0003658C       Classes.TStringList.AddObject
 0001:000365F0       Classes.TStringList.Changed
 0001:0003660C       Classes.TStringList.Changing
 0001:00036628       Classes.TStringList.Clear
 0001:00036BD4       Classes.TStringList.CompareStrings
 0001:00036BF0       Classes.TStringList.Create
 0001:00036C28       Classes.TStringList.Create
 0001:00036B9C       Classes.TStringList.CustomSort
 0001:00036690       Classes.TStringList.Delete
 0001:000364F8       Classes.TStringList.Destroy
 0001:00036710       Classes.TStringList.Exchange
 0001:0003676C       Classes.TStringList.ExchangeItems
 0001:00036790       Classes.TStringList.Find
 0001:00036814       Classes.TStringList.Get
 0001:00036844       Classes.TStringList.GetCapacity
 0001:00036848       Classes.TStringList.GetCount
 0001:0003684C       Classes.TStringList.GetObject
 0001:00036870       Classes.TStringList.Grow
 0001:000368A4       Classes.TStringList.IndexOf
 0001:000368E0       Classes.TStringList.Insert
 0001:00036944       Classes.TStringList.InsertItem
 0001:000368F0       Classes.TStringList.InsertObject
 0001:000369C0       Classes.TStringList.Put
 0001:00036A18       Classes.TStringList.PutObject
 0001:00036A54       Classes.TStringList.QuickSort
 0001:00036AEC       Classes.TStringList.SetCapacity
 0001:00036C6C       Classes.TStringList.SetCaseSensitive
 0001:00036B2C       Classes.TStringList.SetSorted
 0001:00036B4C       Classes.TStringList.SetUpdateState
 0001:00036B8C       Classes.TStringList.Sort
 0001:00034EEC       Classes.TStrings.Add
 0001:00034F10       Classes.TStrings.AddObject
 0001:00034F40       Classes.TStrings.AddStrings
 0001:00034F34       Classes.TStrings.Append
 0001:00034FF8       Classes.TStrings.Assign
 0001:000350B4       Classes.TStrings.BeginUpdate
 0001:0002AC78       Classes.TStrings.Clear
 0001:000364B0       Classes.TStrings.CompareStrings
 0001:00035124       Classes.TStrings.DefineProperties
 0001:0002AC80       Classes.TStrings.Delete
 0001:00034EBC       Classes.TStrings.Destroy
 0001:0003517C       Classes.TStrings.EndUpdate
 0001:00035190       Classes.TStrings.Equals
 0001:0003523C       Classes.TStrings.Error
 0001:00035274       Classes.TStrings.Error
 0001:000352CC       Classes.TStrings.Exchange
 0001:000353B8       Classes.TStrings.GetCapacity
 0001:000353C0       Classes.TStrings.GetCommaText
 0001:00035458       Classes.TStrings.GetDelimitedText
 0001:0003639C       Classes.TStrings.GetDelimiter
 0001:000356C8       Classes.TStrings.GetEnumerator
 0001:000363B8       Classes.TStrings.GetLineBreak
 0001:000364BC       Classes.TStrings.GetNameValueSeparator
 0001:000356D8       Classes.TStrings.GetObject
 0001:000363F4       Classes.TStrings.GetQuoteChar
 0001:00036410       Classes.TStrings.GetStrictDelimiter
 0001:000356DC       Classes.TStrings.GetText
 0001:00035730       Classes.TStrings.GetTextStr
 0001:000358C8       Classes.TStrings.IndexOf
 0001:00035954       Classes.TStrings.IndexOfName
 0001:00035A28       Classes.TStrings.IndexOfObject
 0001:0002AC88       Classes.TStrings.Insert
 0001:00035A5C       Classes.TStrings.InsertObject
 0001:00035AE0       Classes.TStrings.LoadFromFile
 0001:00035A8C       Classes.TStrings.LoadFromFile
 0001:00035B3C       Classes.TStrings.LoadFromStream
 0001:00035B48       Classes.TStrings.LoadFromStream
 0001:00035C3C       Classes.TStrings.Move
 0001:00035CEC       Classes.TStrings.Put
 0001:00035D1C       Classes.TStrings.PutObject
 0001:00035D20       Classes.TStrings.ReadData
 0001:00035DE0       Classes.TStrings.SaveToFile
 0001:00035DD0       Classes.TStrings.SaveToFile
 0001:00035E40       Classes.TStrings.SaveToStream
 0001:00035E50       Classes.TStrings.SaveToStream
 0001:00035F08       Classes.TStrings.SetCapacity
 0001:00035F0C       Classes.TStrings.SetCommaText
 0001:000361EC       Classes.TStrings.SetDelimitedText
 0001:00036428       Classes.TStrings.SetDelimiter
 0001:00036448       Classes.TStrings.SetLineBreak
 0001:000364D8       Classes.TStrings.SetNameValueSeparator
 0001:00036474       Classes.TStrings.SetQuoteChar
 0001:00036494       Classes.TStrings.SetStrictDelimiter
 0001:00035F34       Classes.TStrings.SetStringsAdapter
 0001:00035F68       Classes.TStrings.SetText
 0001:00035FB8       Classes.TStrings.SetTextStr
 0001:00036164       Classes.TStrings.SetUpdateState
 0001:00036168       Classes.TStrings.WriteData
 0001:00034E44       Classes.TStringsEnumerator.Create
 0001:00034E88       Classes.TStringsEnumerator.GetCurrent
 0001:00034EA0       Classes.TStringsEnumerator.MoveNext
 0004:00004F48       Classes.TThread.$ClassInitFlag
 0001:0003E594       Classes.TThread.AfterConstruction
 0001:0003E63C       Classes.TThread.CallOnTerminate
 0001:0003E624       Classes.TThread.CheckThreadError
 0001:0003E5A8       Classes.TThread.CheckThreadError
 0001:0003E3F4       Classes.TThread.Create
 0002:0000023C       Classes.TThread.Create@
 0001:0003E4F8       Classes.TThread.Destroy
 0001:0003E56C       Classes.TThread.Destroy@
 0001:0003E650       Classes.TThread.DoTerminate
 0005:00000008       Classes.TThread.FCurrentThread
 0001:0003E664       Classes.TThread.GetPriority
 0001:0003E6A0       Classes.TThread.InternalStart
 0001:0003F138       Classes.TThread.NameThreadForDebugging
 0001:0003E778       Classes.TThread.Queue
 0001:0003E800       Classes.TThread.Queue
 0001:0003E8CC       Classes.TThread.Queue
 0001:0003ED34       Classes.TThread.Queue
 0001:0003EF6C       Classes.TThread.RemoveQueuedEvents
 0001:0003EEC8       Classes.TThread.RemoveQueuedEvents
 0001:0003E96C       Classes.TThread.RemoveQueuedEvents
 0001:0003F02C       Classes.TThread.Resume
 0001:0003E74C       Classes.TThread.SetPriority
 0001:0003EF80       Classes.TThread.SetSuspended
 0001:0003EF98       Classes.TThread.SpinWait
 0001:0003EFB4       Classes.TThread.Start
 0001:0003EA30       Classes.TThread.StaticQueue
 0001:0003EEB4       Classes.TThread.StaticSynchronize
 0001:0003EFBC       Classes.TThread.Suspend
 0001:0003EC08       Classes.TThread.Synchronize
 0001:0003ECA4       Classes.TThread.Synchronize
 0001:0003EE18       Classes.TThread.Synchronize
 0001:0003EA44       Classes.TThread.Synchronize
 0001:0003EC3C       Classes.TThread.Synchronize
 0001:0003F054       Classes.TThread.Terminate
 0001:0003F078       Classes.TThread.WaitFor
 0001:00033F9C       Classes.TThreadList.Add
 0001:00034024       Classes.TThreadList.Clear
 0001:00033ECC       Classes.TThreadList.Create
 0001:00033F20       Classes.TThreadList.Destroy
 0001:0003406C       Classes.TThreadList.LockList
 0001:00034080       Classes.TThreadList.Remove
 0001:00034088       Classes.TThreadList.RemoveItem
 0001:000340DC       Classes.TThreadList.UnlockList
 0001:0003B8C4       Classes.TWriter.AddAncestor
 0001:0003B8F8       Classes.TWriter.DefineBinaryProperty
 0001:0003B8D0       Classes.TWriter.DefineProperty
 0001:0003B898       Classes.TWriter.Destroy
 0001:0003B934       Classes.TWriter.FindMethodName
 0001:0003B97C       Classes.TWriter.FlushBuffer
 0001:0003DF50       Classes.TWriter.GetLookupInfo
 0001:0003B924       Classes.TWriter.GetPosition
 0001:0003B984       Classes.TWriter.SetPosition
 0001:0003B9C0       Classes.TWriter.SetRoot
 0001:0003B9D8       Classes.TWriter.Write
 0001:0003BA24       Classes.TWriter.WriteBinary
 0001:0003BAC4       Classes.TWriter.WriteBoolean
 0001:0003BAAC       Classes.TWriter.WriteBuffer
 0001:0003BAD8       Classes.TWriter.WriteChar
 0001:0003BB78       Classes.TWriter.WriteCollection
 0001:0003BC68       Classes.TWriter.WriteComponent
 0001:0003C210       Classes.TWriter.WriteCurrency
 0001:0003BDBC       Classes.TWriter.WriteData
 0001:0003C234       Classes.TWriter.WriteDate
 0001:0003C17C       Classes.TWriter.WriteDescendent
 0001:0003C1EC       Classes.TWriter.WriteDouble
 0001:0003C1A4       Classes.TWriter.WriteFloat
 0001:0003C258       Classes.TWriter.WriteIdent
 0001:0003C33C       Classes.TWriter.WriteInteger
 0001:0003C3B0       Classes.TWriter.WriteInteger
 0001:0003C408       Classes.TWriter.WriteListBegin
 0001:0003C410       Classes.TWriter.WriteListEnd
 0001:0003DC14       Classes.TWriter.WriteMinStr
 0001:0003C418       Classes.TWriter.WritePrefix
 0001:0003C460       Classes.TWriter.WriteProperties
 0001:0003D5B8       Classes.TWriter.WriteProperty
 0001:0003DAEC       Classes.TWriter.WritePropName
 0001:0003DB40       Classes.TWriter.WriteRootComponent
 0001:0003DB48       Classes.TWriter.WriteSignature
 0001:0003C1C8       Classes.TWriter.WriteSingle
 0001:0003DB58       Classes.TWriter.WriteStr
 0001:0003DD48       Classes.TWriter.WriteString
 0001:0003DE60       Classes.TWriter.WriteUTF8Str
 0001:0003DF3C       Classes.TWriter.WriteValue
 0001:0003D70C       Classes.TWriter.WriteVariant
 0001:0003BB28       Classes.TWriter.WriteWideChar
 0001:0003DF34       Classes.TWriter.WriteWideString
 0001:00032E80       Classes.UnregisterFindGlobalComponentProc
 0001:00032964       Classes.UnRegisterModuleClasses
 0003:00001088       Classes.UtilWindowClass
 0001:0003E124       Classes.WaitForSyncEvent
 0003:00000FA0       Classes.WakeMainThread
 0001:000331B4       Classes.WriteCollection
 0001:0003CDE8       Classes.WriteCollectionProp
 0001:0003CF84       Classes.WriteFloatProp
 0001:0003CFC4       Classes.WriteInt64Prop
 0001:0003D3E8       Classes.WriteInterfaceProp
 0001:0003CD7C       Classes.WriteIntProp
 0001:0003D4C4       Classes.WriteMethodProp
 0001:0003D1D4       Classes.WriteObjectProp
 0001:0003CE8C       Classes.WriteOrdProp
 0001:0003CC90       Classes.WritePropPath
 0001:0003CCE8       Classes.WriteSet
 0001:0003D000       Classes.WriteStrProp
 0001:0003D554       Classes.WriteVariantProp
 0004:0000516C       Clipbrd..3
 0004:0000516A       Clipbrd.CF_COMPONENT
 0004:00005168       Clipbrd.CF_PICTURE
 0002:00000950       Clipbrd.Clipbrd
 0004:00005170       Clipbrd.FClipboard
 0001:00063FA0       Clipbrd.Finalization
 0004:0000517C       ComCtrls..96
 0001:00065438       ComCtrls..TConversion
 0002:00000A1C       ComCtrls.ComCtrls
 0004:00005180       ComCtrls.ConversionFormatList
 0001:000657D0       ComCtrls.Finalization
 0001:00065770       ComCtrls.FreeConversionFormatList
 0004:00005188       ComCtrls.FRichEditModule
 0003:00001A30       ComCtrls.RTFConversionFormat
 0004:00005184       ComCtrls.ShellModule
 0001:000656B8       ComCtrls.TConversion.ConvertReadStream
 0001:00065714       ComCtrls.TConversion.ConvertWriteStream
 0001:00065680       ComCtrls.TConversion.Create
 0003:00001A38       ComCtrls.TextConversionFormat
 0001:0000B720       CommCtrl.FlatSB_GetScrollInfo
 0001:0000B728       CommCtrl.FlatSB_GetScrollPos
 0001:0000B730       CommCtrl.FlatSB_SetScrollInfo
 0001:0000B738       CommCtrl.FlatSB_SetScrollPos
 0001:0000B740       CommCtrl.FlatSB_SetScrollProp
 0001:0000B658       CommCtrl.ImageList_Add
 0001:0000B6B8       CommCtrl.ImageList_BeginDrag
 0001:0000B6B0       CommCtrl.ImageList_Copy
 0001:0000B638       CommCtrl.ImageList_Create
 0001:0000B640       CommCtrl.ImageList_Destroy
 0001:0000B6C8       CommCtrl.ImageList_DragEnter
 0001:0000B6D0       CommCtrl.ImageList_DragLeave
 0001:0000B6D8       CommCtrl.ImageList_DragMove
 0001:0000B6E0       CommCtrl.ImageList_DragShowNolock
 0001:0000B680       CommCtrl.ImageList_Draw
 0001:0000B690       CommCtrl.ImageList_DrawEx
 0001:0000B6C0       CommCtrl.ImageList_EndDrag
 0001:0000B670       CommCtrl.ImageList_GetBkColor
 0001:0000B6E8       CommCtrl.ImageList_GetDragImage
 0001:0000B6A0       CommCtrl.ImageList_GetIcon
 0001:0000B700       CommCtrl.ImageList_GetIconSize
 0001:0000B648       CommCtrl.ImageList_GetImageCount
 0001:0000B710       CommCtrl.ImageList_GetImageInfo
 0001:0000B6A8       CommCtrl.ImageList_LoadImage
 0001:0000B6F0       CommCtrl.ImageList_Read
 0001:0000B698       CommCtrl.ImageList_Remove
 0001:0000B688       CommCtrl.ImageList_Replace
 0001:0000B660       CommCtrl.ImageList_ReplaceIcon
 0001:0000B668       CommCtrl.ImageList_SetBkColor
 0001:0000B708       CommCtrl.ImageList_SetIconSize
 0001:0000B650       CommCtrl.ImageList_SetImageCount
 0001:0000B678       CommCtrl.ImageList_SetOverlayImage
 0001:0000B6F8       CommCtrl.ImageList_Write
 0001:0000B748       CommCtrl.InitializeFlatSB
 0001:0000B718       CommCtrl._TrackMouseEvent
 0001:0004319C       Contnrs..TOrderedList
 0001:000433B4       Contnrs..TStack
 0001:00043444       Contnrs.TOrderedList.AtLeast
 0001:00043470       Contnrs.TOrderedList.Count
 0001:00043478       Contnrs.TOrderedList.Create
 0001:000434BC       Contnrs.TOrderedList.Destroy
 0001:00043450       Contnrs.TOrderedList.Peek
 0001:000434EC       Contnrs.TOrderedList.PeekItem
 0001:00043458       Contnrs.TOrderedList.Pop
 0001:00043500       Contnrs.TOrderedList.PopItem
 0001:00043460       Contnrs.TOrderedList.Push
 0001:00043520       Contnrs.TStack.PushItem
 0004:000051EC       Controls..44
 0001:00070E74       Controls..TBaseDragControlObject
 0001:00074CD4       Controls..TControl
 0001:00071B00       Controls..TControlActionLink
 0001:000716E8       Controls..TControlCanvas
 0001:000786E4       Controls..TCustomControl
 0001:0007192C       Controls..TCustomControlAction
 0001:00072DB4       Controls..TCustomGestureCollectionItem
 0001:000735F4       Controls..TCustomGestureEngine
 0001:00073014       Controls..TCustomGestureManager
 0001:0007AC8C       Controls..TCustomHint
 0001:0007AA34       Controls..TCustomHintShowHideThread
 0001:0007A5F8       Controls..TCustomHintWindow
 0001:00079E20       Controls..TCustomPanningWindow
 0001:000737C8       Controls..TCustomTouchManager
 0001:00079AAC       Controls..TDockTree
 0001:000794C4       Controls..TDockZone
 0001:00071010       Controls..TDragControlObject
 0001:0007114C       Controls..TDragControlObjectEx
 0001:00071258       Controls..TDragDockObject
 0001:000715D0       Controls..TDragDockObjectEx
 0001:00078DC0       Controls..TDragImageList
 0001:00070970       Controls..TDragObject
 0001:00078514       Controls..TGraphicControl
 0001:00078900       Controls..THintWindow
 0001:0007921C       Controls..TImageList
 0001:000723EC       Controls..TMargins
 0001:0007A0D0       Controls..TMouse
 0001:000728D0       Controls..TPadding
 0001:0007B984       Controls..TSiteList
 0001:00072184       Controls..TSizeConstraints
 0001:00073D7C       Controls..TTouchManager
 0001:00077050       Controls..TWinControl
 0001:00076A94       Controls..TWinControlActionLink
 0001:0007C138       Controls.AbsMin
 0004:00005220       Controls.ActiveDrag
 0001:00082EB4       Controls.AlignNestedControls
 0001:00082E60       Controls.AlignWork
 0003:00001C0C       Controls.AnchorAlign
 0003:00001C00       Controls.AnimateWindowProc
 0003:00001D88       Controls.AnimationStyle
 0001:0007F34C       Controls.BackgroundClipped
 0001:0008D978       Controls.CalcSplitterPos
 0001:0007D1BC       Controls.CancelDrag
 0004:00005234       Controls.CanvasList
 0003:00001CC4       Controls.CaptureControl
 0001:0007CE24       Controls.CheckUndock
 0001:0008A6AC       Controls.ClientToWindow
 0004:000051F2       Controls.ControlAtom
 0004:000051F8       Controls.ControlAtomString
 0002:00000B30       Controls.Controls
 0003:00001D1C       Controls.CPan
 0003:00001D18       Controls.CPanOoptions
 0003:00001D4C       Controls.CPanSingleFingerHorizontal
 0003:00001D44       Controls.CPanSingleFingerVertical
 0003:00001D54       Controls.CPanWithGutter
 0003:00001D5C       Controls.CPanWithInertia
 0003:00001D34       Controls.CPressAndTap
 0003:00001C08       Controls.CreationControl
 0003:00001D2C       Controls.CRotate
 0003:00001D08       Controls.Ctl3DStyles
 0003:00001D3C       Controls.CTwoFingerTap
 0003:00001C14       Controls.Cursors
 0001:0007B764       Controls.CursorToIdent
 0003:00001D24       Controls.CZoom
 0003:00001C04       Controls.DefaultDockTreeClass
 0001:0008428C       Controls.DestroyChildWindow
 0001:0008312C       Controls.DoAdjustSize
 0001:00082CD4       Controls.DoAlign
 0001:00088540       Controls.DoCalcConstraints
 0004:00005228       Controls.DockSiteList
 0001:000851DC       Controls.DoControlMsg
 0001:0007C738       Controls.DoDragOver
 0001:0008B3A4       Controls.DoFindControlZone
 0001:0008BAD0       Controls.DoFindZone
 0001:0008B428       Controls.DoForEach
 0001:0008D148       Controls.DoGetNextLimit
 0001:0008E284       Controls.DoneControls
 0001:00082C8C       Controls.DoPosition
 0001:0008C5F4       Controls.DoPrune
 0001:0008CB3C       Controls.DoSaveZone
 0001:0008CE40       Controls.DoSetNewBounds
 0001:00083F08       Controls.DoWriteDesignSize
 0001:000808E0       Controls.DoWriteExplicit
 0001:000808AC       Controls.DoWriteIsControl
 0004:0000520C       Controls.DragCapture
 0004:00005200       Controls.DragControl
 0001:0007CE98       Controls.DragDone
 0001:0007C6E8       Controls.DragFindTarget
 0001:0007C6BC       Controls.DragFindWindow
 0004:00005224       Controls.DragImageList
 0001:0007CAFC       Controls.DragInit
 0001:0007CC6C       Controls.DragInitControl
 0004:00005208       Controls.DragInternalObject
 0001:0007C604       Controls.DragMessage
 0004:00005204       Controls.DragObject
 0004:00005230       Controls.DragSave
 0004:00005218       Controls.DragSaveCursor
 0004:00005210       Controls.DragStartPos
 0004:0000521C       Controls.DragThreshold
 0001:0007C814       Controls.DragTo
 0001:0008C074       Controls.DrawCloseButton
 0001:0008C108       Controls.DrawGrabberLine
 0001:0008C194       Controls.DrawThemedGrabber
 0001:000856F8       Controls.DrawThemeEdge
 0003:00001CF8       Controls.EdgeStyles
 0001:0008FF48       Controls.Finalization
 0001:0007B3F4       Controls.FindControl
 0001:0007D208       Controls.FindDragTarget
 0001:0007D1D4       Controls.FindVCLWindow
 0004:00005238       Controls.FlagControl
 0001:0007D2FC       Controls.FreeDeviceContext
 0001:0007D3C4       Controls.FreeDeviceContexts
 0003:00001D10       Controls.GestureMap
 0001:0007B918       Controls.GetCaptureControl
 0001:00082AF4       Controls.GetClientSize
 0001:00084798       Controls.GetControlAtPos
 0001:0008D228       Controls.GetDockAlign
 0001:0007C45C       Controls.GetDockSiteAtPos
 0001:0007C774       Controls.GetDropCtl
 0001:0008B0D4       Controls.GetLastChildZone
 0001:0007B7CC       Controls.GetLongHint
 0001:0007B784       Controls.GetShortHint
 0001:0007BB48       Controls.GetTopParent
 0001:0008D2A4       Controls.HideZone
 0001:0007B774       Controls.IdentToCursor
 0003:00001DB0       Controls.IMM32DLL
 0001:0008E270       Controls.Imm32IsIME
 0001:0008E324       Controls.InitControls
 0001:0008DE3C       Controls.InitIMM32
 0001:0007B2B0       Controls.InitWndProc
 0003:00001CD8       Controls.InnerStyles
 0001:00082B5C       Controls.InsertBefore
 0001:0007C21C       Controls.IsBeforeTargetWindow
 0001:0007C65C       Controls.IsDelphiHandle
 0001:0008AAEC       Controls.IsOrientationSet
 0001:0007C418       Controls.IsSiteChildOfClient
 0001:0007B450       Controls.IsVCLControl
 0004:000051E0       Controls.IsVCLControlHook
 0001:0008F59C       Controls.LatestHintWindow
 0001:0007D254       Controls.ListAdd
 0001:0007D27C       Controls.ListRemove
 0003:00001D9C       Controls.MakeLast
 0001:00081B64       Controls.MinVar
 0003:00001DB4       Controls.ModeMap
 0004:000051DC       Controls.Mouse
 0001:0007B274       Controls.MouseOriginToShiftState
 0001:0007D2CC       Controls.MoveWindowOrg
 0004:000051E8       Controls.NewStyleControls
 0001:0008AAD0       Controls.NextVisibleZone
 0001:0007B3C0       Controls.ObjectFromHWnd
 0003:00001D64       Controls.Options
 0003:00001D94       Controls.OrientArray
 0003:00001CE8       Controls.OuterStyles
 0003:00001CC8       Controls.PaintMessage
 0001:0008AEFC       Controls.ParentNotLast
 0001:0007B864       Controls.PerformBufferedPrintClient
 0001:0007B814       Controls.PerformEraseBackground
 0001:00083EF4       Controls.PointsEqual
 0004:0000522C       Controls.QualifyingSites
 0001:0008BC6C       Controls.ReadControlName
 0001:0007C5A8       Controls.RegisterDockSite
 0004:000051FC       Controls.RM_GetObjectInstance
 0001:0007B480       Controls.SendAppMessage
 0001:0007B940       Controls.SetCaptureControl
 0001:0008E198       Controls.SetImeMode
 0001:000813DC       Controls.SetParentColor
 0003:00001CD0       Controls.ShowFlags
 0001:0008D324       Controls.ShowZone
 0003:00001DA8       Controls.SizeCursors
 0001:0007BF1C       Controls.TBaseDragControlObject.Assign
 0001:0007BEE0       Controls.TBaseDragControlObject.Create
 0001:0007BF48       Controls.TBaseDragControlObject.EndDrag
 0001:0007BF74       Controls.TBaseDragControlObject.Finished
 0001:00081894       Controls.TControl.ActionChange
 0001:00081C88       Controls.TControl.AdjustSize
 0001:00081AB8       Controls.TControl.AssignTo
 0001:0007F6EC       Controls.TControl.BeginAutoDrag
 0001:0007F708       Controls.TControl.BeginDrag
 0001:0007F19C       Controls.TControl.BringToFront
 0001:000802B0       Controls.TControl.CalcCursorPos
 0001:00080468       Controls.TControl.CalcDockSizes
 0001:000801B0       Controls.TControl.CanAutoSize
 0001:000801B4       Controls.TControl.CanResize
 0001:0007EAEC       Controls.TControl.Changed
 0001:0007EAFC       Controls.TControl.ChangeScale
 0001:00080F0C       Controls.TControl.CheckNewSize
 0001:00080CE0       Controls.TControl.Click
 0001:00081EC4       Controls.TControl.ClientToParent
 0001:0007E8F0       Controls.TControl.ClientToScreen
 0001:00081558       Controls.TControl.CMBiDiModeChanged
 0001:000813D0       Controls.TControl.CMColorChanged
 0001:000816D4       Controls.TControl.CMDesignHitTest
 0001:000813B8       Controls.TControl.CMEnabledChanged
 0001:00081834       Controls.TControl.CMFloat
 0001:000813C4       Controls.TControl.CMFontChanged
 0001:000814E4       Controls.TControl.CMGesture
 0001:00081D14       Controls.TControl.CMHintShow
 0001:00081604       Controls.TControl.CMHitTest
 0001:000820E4       Controls.TControl.CMMouseActivate
 0001:0008160C       Controls.TControl.CMMouseEnter
 0001:00081670       Controls.TControl.CMMouseLeave
 0001:00081474       Controls.TControl.CMMouseWheel
 0001:00081450       Controls.TControl.CMParentBiDiModeChanged
 0001:00081414       Controls.TControl.CMParentColorChanged
 0001:000815B0       Controls.TControl.CMParentFontChanged
 0001:00081574       Controls.TControl.CMParentShowHintChanged
 0001:000816DC       Controls.TControl.CMParentTabletOptionsChanged
 0001:000815E0       Controls.TControl.CMSysFontChanged
 0001:00081390       Controls.TControl.CMVisibleChanged
 0001:00080280       Controls.TControl.ConstrainedResize
 0001:0007DB54       Controls.TControl.Create
 0001:00081710       Controls.TControl.CreateFloatingDockSite
 0001:00081790       Controls.TControl.CreateTouchManager
 0001:00080D58       Controls.TControl.DblClick
 0001:0007FBE8       Controls.TControl.DefaultDockImage
 0001:000807F8       Controls.TControl.DefaultHandler
 0001:00080B00       Controls.TControl.DefineProperties
 0001:000802DC       Controls.TControl.DesignWndProc
 0001:0007DC9C       Controls.TControl.Destroy
 0001:00081994       Controls.TControl.DoActionChange
 0001:000801E4       Controls.TControl.DoCanAutoSize
 0001:00080250       Controls.TControl.DoCanResize
 0001:0007E59C       Controls.TControl.Dock
 0001:0007F9D4       Controls.TControl.DockTrackNoTarget
 0001:00080310       Controls.TControl.DoConstrainedResize
 0001:000801A4       Controls.TControl.DoConstraintsChange
 0001:00081E84       Controls.TControl.DoContextPopup
 0001:0007E6CC       Controls.TControl.DoDock
 0001:0007FD34       Controls.TControl.DoDragMsg
 0001:0007F9EC       Controls.TControl.DoEndDock
 0001:0007F8D4       Controls.TControl.DoEndDrag
 0001:0007F8B4       Controls.TControl.DoGesture
 0001:0007F8B8       Controls.TControl.DoGetGestureOptions
 0001:00082108       Controls.TControl.DoMarginChange
 0001:0007FA48       Controls.TControl.DoMouseActivate
 0001:00080DB0       Controls.TControl.DoMouseDown
 0001:0008114C       Controls.TControl.DoMouseUp
 0001:0007FA7C       Controls.TControl.DoMouseWheel
 0001:0007FB50       Controls.TControl.DoMouseWheelDown
 0001:0007FB9C       Controls.TControl.DoMouseWheelUp
 0001:0007FA18       Controls.TControl.DoStartDock
 0001:0007F894       Controls.TControl.DoStartDrag
 0001:0007F81C       Controls.TControl.DragCanceled
 0001:0007F868       Controls.TControl.DragDrop
 0001:0007F820       Controls.TControl.Dragging
 0001:0007F82C       Controls.TControl.DragOver
 0001:0007FD14       Controls.TControl.DrawDragDockImage
 0001:00081CA8       Controls.TControl.DrawTextBiDiModeFlags
 0001:00081CE8       Controls.TControl.DrawTextBiDiModeFlagsReadingOnly
 0001:0007F7E8       Controls.TControl.EndDrag
 0001:0007FD24       Controls.TControl.EraseDragDockImage
 0001:0007EFAC       Controls.TControl.FontChanged
 0001:0007DE58       Controls.TControl.GetAction
 0001:000819B8       Controls.TControl.GetActionLinkClass
 0001:0008212C       Controls.TControl.GetAlignWithMargins
 0001:0007E784       Controls.TControl.GetBoundsRect
 0001:0007E820       Controls.TControl.GetClientHeight
 0001:0007E860       Controls.TControl.GetClientOrigin
 0001:0007E7C8       Controls.TControl.GetClientRect
 0001:0007E7E0       Controls.TControl.GetClientWidth
 0001:0007F684       Controls.TControl.GetControlsAlignment
 0001:00080440       Controls.TControl.GetCustomHint
 0001:0007F2A4       Controls.TControl.GetDeviceContext
 0001:00081BA4       Controls.TControl.GetDockEdge
 0001:0007DD98       Controls.TControl.GetDragImages
 0001:0007E048       Controls.TControl.GetDragMode
 0001:0007DD9C       Controls.TControl.GetEnabled
 0001:00081C54       Controls.TControl.GetFloating
 0001:00081C80       Controls.TControl.GetFloatingDockSiteClass
 0001:0007EEBC       Controls.TControl.GetLRDockWidth
 0001:0007F164       Controls.TControl.GetMouseCapture
 0001:0007DDA4       Controls.TControl.GetPalette
 0001:0007DDB0       Controls.TControl.GetParentComponent
 0001:00080F08       Controls.TControl.GetPopupMenu
 0001:0007EEA8       Controls.TControl.GetTBDockHeight
 0001:0007EEF4       Controls.TControl.GetText
 0001:0007EE74       Controls.TControl.GetTextBuf
 0001:0007EE64       Controls.TControl.GetTextLen
 0001:0007EE80       Controls.TControl.GetUndockHeight
 0001:0007EE94       Controls.TControl.GetUndockWidth
 0001:0007DDA8       Controls.TControl.HasParent
 0001:0007F530       Controls.TControl.Hide
 0001:00081D04       Controls.TControl.InitiateAction
 0001:0007F468       Controls.TControl.Invalidate
 0001:0007F3D4       Controls.TControl.InvalidateControl
 0001:0007DF84       Controls.TControl.IsAnchorsStored
 0001:0007F020       Controls.TControl.IsBiDiModeStored
 0001:000819C0       Controls.TControl.IsCaptionStored
 0001:0007F0F8       Controls.TControl.IsColorStored
 0001:000819E0       Controls.TControl.IsEnabledStored
 0001:0007F000       Controls.TControl.IsFontStored
 0001:00081A20       Controls.TControl.IsHelpContextStored
 0001:00081A00       Controls.TControl.IsHintStored
 0001:00081A60       Controls.TControl.IsOnClickStored
 0001:0007F688       Controls.TControl.IsRightToLeft
 0001:0007F014       Controls.TControl.IsShowHintStored
 0001:0007DF9C       Controls.TControl.IsTouchPropertyStored
 0001:00081A40       Controls.TControl.IsVisibleStored
 0001:00081A80       Controls.TControl.Loaded
 0001:0007FE24       Controls.TControl.ManualDock
 0001:00080010       Controls.TControl.ManualFloat
 0001:0007F47C       Controls.TControl.MouseActivate
 0001:00080D78       Controls.TControl.MouseDown
 0001:00081058       Controls.TControl.MouseMove
 0001:00081114       Controls.TControl.MouseUp
 0001:0007F4C4       Controls.TControl.MouseWheelHandler
 0001:0007E120       Controls.TControl.Notification
 0001:0007DDDC       Controls.TControl.PaletteChanged
 0001:00081FD4       Controls.TControl.ParentToClient
 0001:0008042C       Controls.TControl.Perform
 0001:000803E4       Controls.TControl.Perform
 0001:00080418       Controls.TControl.Perform
 0001:0007F900       Controls.TControl.PositionDockRect
 0001:00082204       Controls.TControl.ReadExplicitHeight
 0001:0008221C       Controls.TControl.ReadExplicitLeft
 0001:000821EC       Controls.TControl.ReadExplicitTop
 0001:000821C4       Controls.TControl.ReadExplicitWidth
 0001:0008088C       Controls.TControl.ReadIsControl
 0001:0007E070       Controls.TControl.ReadState
 0001:0007F57C       Controls.TControl.Refresh
 0001:0007F588       Controls.TControl.Repaint
 0001:000800B0       Controls.TControl.ReplaceDockedControl
 0001:0007E038       Controls.TControl.RequestAlign
 0001:0007E050       Controls.TControl.Resize
 0001:0007E91C       Controls.TControl.ScaleConstraints
 0001:0007E9A0       Controls.TControl.ScaleMargins
 0001:0007EA24       Controls.TControl.ScreenToClient
 0001:0007EA50       Controls.TControl.SendCancelMode
 0001:0007EA80       Controls.TControl.SendDockNotification
 0001:0007F1AC       Controls.TControl.SendToBack
 0001:0007DF08       Controls.TControl.SetAction
 0001:0007E19C       Controls.TControl.SetAlign
 0001:00082134       Controls.TControl.SetAlignWithMargins
 0001:0007DE68       Controls.TControl.SetAnchors
 0001:0007ECC4       Controls.TControl.SetAutoSize
 0001:0007EF90       Controls.TControl.SetBiDiMode
 0001:0007E284       Controls.TControl.SetBounds
 0001:0007E7A4       Controls.TControl.SetBoundsRect
 0001:0007E838       Controls.TControl.SetClientHeight
 0001:0007ED80       Controls.TControl.SetClientSize
 0001:0007E7F8       Controls.TControl.SetClientWidth
 0001:0007F0AC       Controls.TControl.SetColor
 0001:00081EB8       Controls.TControl.SetConstraints
 0001:0007F148       Controls.TControl.SetCursor
 0001:0007F26C       Controls.TControl.SetCustomHint
 0001:0007DFFC       Controls.TControl.SetDesignVisible
 0001:0007E034       Controls.TControl.SetDragMode
 0001:0007EE4C       Controls.TControl.SetEnabled
 0001:0007EFF0       Controls.TControl.SetFont
 0001:0007E568       Controls.TControl.SetHeight
 0001:0007E724       Controls.TControl.SetHelpContext
 0001:0007E738       Controls.TControl.SetHelpKeyword
 0001:0007E75C       Controls.TControl.SetHostDockSite
 0001:0007E4CC       Controls.TControl.SetLeft
 0001:00082114       Controls.TControl.SetMargins
 0001:0007F174       Controls.TControl.SetMouseCapture
 0001:0007ECDC       Controls.TControl.SetName
 0001:0007EDC8       Controls.TControl.SetParent
 0001:0007F124       Controls.TControl.SetParentBiDiMode
 0001:0007F100       Controls.TControl.SetParentColor
 0001:0007DDB4       Controls.TControl.SetParentComponent
 0001:0007F09C       Controls.TControl.SetParentCustomHint
 0001:0007F028       Controls.TControl.SetParentFont
 0001:0007F070       Controls.TControl.SetParentShowHint
 0001:0007EED0       Controls.TControl.SetPopupMenu
 0001:0007F04C       Controls.TControl.SetShowHint
 0001:0007EF2C       Controls.TControl.SetText
[...]
   259 0001:000DBEA1   262 0001:000DBEA8   263 0001:000DBEB1   264 0001:000DBEC7
   265 0001:000DBED0   266 0001:000DBEEB   267 0001:000DBEFB   270 0001:000DBF04
   271 0001:000DBF10   272 0001:000DBF26   273 0001:000DBF2F   274 0001:000DBF49
   275 0001:000DBF59   278 0001:000DBF64   279 0001:000DBF6E   280 0001:000DBF84
   281 0001:000DBF97   282 0001:000DBFA7   459 0001:000DBFAC   460 0001:000DBFB2
   461 0001:000DBFB6   463 0001:000DBFC5   465 0001:000DBFC7   469 0001:000DBFCC
   470 0001:000DBFD6   473 0001:000DBFD8   474 0001:000DBFE3   475 0001:000DBFFB
   476 0001:000DC002   477 0001:000DC018   479 0001:000DC02E   481 0001:000DC040
   482 0001:000DC050   485 0001:000DC05C   486 0001:000DC066   487 0001:000DC07E
   488 0001:000DC084   489 0001:000DC090   491 0001:000DC09B   493 0001:000DC0AD
   494 0001:000DC0BD   499 0001:000DC0C8   500 0001:000DC0D7   501 0001:000DC0EF
   502 0001:000DC0F6   503 0001:000DC103   504 0001:000DC11A   505 0001:000DC12D
   503 0001:000DC12E   506 0001:000DC13E   507 0001:000DC14E   512 0001:000DC158
   513 0001:000DC162   514 0001:000DC178   515 0001:000DC18E   516 0001:000DC19E
   519 0001:000DC1A4   520 0001:000DC1B6   521 0001:000DC1BF   522 0001:000DC1C3
   528 0001:000DC1E0   529 0001:000DC1EA   530 0001:000DC202   532 0001:000DC216
   533 0001:000DC224   530 0001:000DC225   534 0001:000DC228   535 0001:000DC23C
   536 0001:000DC24C   539 0001:000DC254   540 0001:000DC25F   541 0001:000DC26C
   542 0001:000DC278   547 0001:000DC288   548 0001:000DC291   549 0001:000DC299
   550 0001:000DC2A7   552 0001:000DC2BA   554 0001:000DC2CA   715 0001:000DC2D1

Line numbers for IdThread(IdThread.pas) segment .text

   287 0001:000DCD1C   288 0001:000DCD32   289 0001:000DCD38   291 0001:000DCD59
   292 0001:000DCD60   293 0001:000DCD67   294 0001:000DCD6E   298 0001:000DCD90
   302 0001:000DCD94   306 0001:000DCD98   310 0001:000DCD9C   313 0001:000DCDA0
   319 0001:000DCDAA   320 0001:000DCDB3   322 0001:000DCDC3   324 0001:000DCDCE
   325 0001:000DCDDC   326 0001:000DCDE4   328 0001:000DCDF7   329 0001:000DCE03
   332 0001:000DCE0B   333 0001:000DCE17   336 0001:000DCE24   337 0001:000DCE2C
   343 0001:000DCE39   344 0001:000DCE40   345 0001:000DCE4E   346 0001:000DCE5C
   347 0001:000DCE64   348 0001:000DCE72   350 0001:000DCE7D   351 0001:000DCE8B
   353 0001:000DCEAE   354 0001:000DCEB0   355 0001:000DCEBE   356 0001:000DCEC6
   349 0001:000DCED0   362 0001:000DCEDE   363 0001:000DCEEC   365 0001:000DCF0F
   366 0001:000DCF11   367 0001:000DCF1F   368 0001:000DCF27   374 0001:000DCF3E
   377 0001:000DCF5D   378 0001:000DCF65   381 0001:000DCF7C   327 0001:000DCF8C
   385 0001:000DCFA6   388 0001:000DCFD1   389 0001:000DCFD3   390 0001:000DCFE0
   391 0001:000DCFEE   392 0001:000DCFF8   395 0001:000DD005   398 0001:000DD040
   402 0001:000DD059   403 0001:000DD063   404 0001:000DD067   406 0001:000DD06B
   407 0001:000DD07A   408 0001:000DD081   418 0001:000DD08C   431 0001:000DD097
   432 0001:000DD0A1   435 0001:000DD0C8   436 0001:000DD0D9   437 0001:000DD0E0
   438 0001:000DD0E8   439 0001:000DD0F6   440 0001:000DD0FF   446 0001:000DD114
   447 0001:000DD122   452 0001:000DD13A   453 0001:000DD160   455 0001:000DD173
   456 0001:000DD17E   459 0001:000DD19B   460 0001:000DD1AA   463 0001:000DD1BC
   464 0001:000DD1C3   465 0001:000DD1DC   468 0001:000DD1E8   469 0001:000DD1F1
   471 0001:000DD1FA   473 0001:000DD201   476 0001:000DD216   477 0001:000DD229
   480 0001:000DD22C   481 0001:000DD233   482 0001:000DD24C   483 0001:000DD258
   484 0001:000DD263   487 0001:000DD26B   489 0001:000DD27F   490 0001:000DD292
   493 0001:000DD298   494 0001:000DD2A1   495 0001:000DD2AB   497 0001:000DD2BE
   498 0001:000DD2EF   500 0001:000DD302   502 0001:000DD306   505 0001:000DD310
   506 0001:000DD311   507 0001:000DD318   509 0001:000DD322   512 0001:000DD324
   513 0001:000DD325   514 0001:000DD32C   516 0001:000DD338   519 0001:000DD33C
   521 0001:000DD343   523 0001:000DD360   524 0001:000DD379   525 0001:000DD380
   526 0001:000DD395   527 0001:000DD3A8   530 0001:000DD448   531 0001:000DD44B
   532 0001:000DD44F   533 0001:000DD457   534 0001:000DD45D   536 0001:000DD465
   541 0001:000DD468   542 0001:000DD46A   545 0001:000DD46C   546 0001:000DD46F
   547 0001:000DD47A   557 0001:000DD480   558 0001:000DD483   559 0001:000DD48B
   560 0001:000DD492   563 0001:000DD494   564 0001:000DD497   565 0001:000DD49E
   566 0001:000DD4A6   569 0001:000DD4A8   570 0001:000DD4AE   571 0001:000DD4B7
   572 0001:000DD4C1   575 0001:000DD4C4   576 0001:000DD4DC   577 0001:000DD4ED
   578 0001:000DD4F0   581 0001:000DD510   582 0001:000DD51B   583 0001:000DD523
   584 0001:000DD52F   587 0001:000DD540   588 0001:000DD543   589 0001:000DD54F
   591 0001:000DD556   594 0001:000DD558   595 0001:000DD55E   596 0001:000DD563
   597 0001:000DD56B   599 0001:000DD56E   622 0001:000DD574

Line numbers for IdThread(IdThread.pas) segment .itext

   606 0002:00000DDC   607 0002:00000DE5   608 0002:00000DEF   610 0002:00000E00
   611 0002:00000E0A   613 0002:00000E17

Line numbers for IdScheduler(IdScheduler.pas) segment .text

    82 0001:000DD850    87 0001:000DD858    89 0001:000DD860   109 0001:000DD868
   110 0001:000DD873   111 0001:000DD87B   112 0001:000DD887   116 0001:000DD898
   119 0001:000DD89C   120 0001:000DD89F   121 0001:000DD8A6   122 0001:000DD8B5
   126 0001:000DD8B8   127 0001:000DD8C0   132 0001:000DD8C4   133 0001:000DD8CE
   137 0001:000DD8EB   138 0001:000DD906   139 0001:000DD90D   141 0001:000DD914
   142 0001:000DD925   143 0001:000DD938   141 0001:000DD939   144 0001:000DD94B
   146 0001:000DD95E   135 0001:000DD968   148 0001:000DD96A   150 0001:000DDA17

Line numbers for IdServerIOHandler(IdServerIOHandler.pas) segment .text

    83 0001:000DDC88    90 0001:000DDC8C    91 0001:000DDC8F    92 0001:000DDC91
    96 0001:000DDC98    97 0001:000DDC9A   100 0001:000DDC9C   101 0001:000DDCA5
   103 0001:000DDCB0   104 0001:000DDCBD   106 0001:000DDCC5   109 0001:000DDCCC
   110 0001:000DDCD2   112 0001:000DDCDC   113 0001:000DDCE0   115 0001:000DDCE7
   117 0001:000DDCEF   118 0001:000DDCF3   121 0001:000DDCFA   125 0001:000DDD00
   127 0001:000DDD08

Line numbers for IdServerIOHandlerSocket(IdServerIOHandlerSocket.pas) segment .text

   111 0001:000DDEF8   120 0001:000DDEFC   122 0001:000DDF0B   123 0001:000DDF23
   125 0001:000DDF3B   126 0001:000DDF40   127 0001:000DDF52   129 0001:000DDF60
   131 0001:000DDF6D   132 0001:000DDF7D   133 0001:000DDF92   134 0001:000DDF9A
   135 0001:000DDFA0   136 0001:000DDFA5   130 0001:000DDFA7   142 0001:000DDFBF
   144 0001:000DDFCF   147 0001:000DE094   148 0001:000DE097   149 0001:000DE09E
   150 0001:000DE0A9   152 0001:000DE0B2

Line numbers for IdServerIOHandlerStack(IdServerIOHandlerStack.pas) segment .text

    78 0001:000DE20C    79 0001:000DE20F    80 0001:000DE216    81 0001:000DE221
    85 0001:000DE224    86 0001:000DE233    88 0001:000DE23B

Line numbers for IdContext(IdContext.pas) segment .text

   125 0001:000DE684   126 0001:000DE69C   127 0001:000DE6A8   128 0001:000DE6AB
   129 0001:000DE6AF   130 0001:000DE6B5   133 0001:000DE6D4   134 0001:000DE6DF
   135 0001:000DE6E6   138 0001:000DE6ED   139 0001:000DE6F3   142 0001:000DE6FB
   143 0001:000DE707   147 0001:000DE718   148 0001:000DE71D   151 0001:000DE720
   155 0001:000DE723   156 0001:000DE72A   159 0001:000DE731   160 0001:000DE738
   162 0001:000DE740   165 0001:000DE744   166 0001:000DE745   167 0001:000DE74C
   169 0001:000DE758   171 0001:000DE75A   174 0001:000DE75C   175 0001:000DE75F
   176 0001:000DE766   179 0001:000DE76E   180 0001:000DE775   182 0001:000DE77C
   185 0001:000DE780   186 0001:000DE781   187 0001:000DE788   189 0001:000DE794
   192 0001:000DE798   193 0001:000DE799   194 0001:000DE79B   195 0001:000DE7A2
   196 0001:000DE7AC   199 0001:000DE7B2   201 0001:000DE7BD

Line numbers for IdSchedulerOfThreadDefault(IdSchedulerOfThreadDefault.pas) segment .text

    91 0001:000DE934    92 0001:000DE938    93 0001:000DE94A    94 0001:000DE954
    98 0001:000DE95C    99 0001:000DE961   100 0001:000DE965   102 0001:000DE96D

Line numbers for IdGlobalCore(IdGlobalCore.pas) segment .text

    48 0001:00000000

Line numbers for IdTCPServer(IdTCPServer.pas) segment .text

    47 0001:000DEB78    48 0001:000DEB8E    49 0001:000DEB95    50 0001:000DEB9F
    52 0001:000DEBB9    54 0001:000DEBE1

Line numbers for IdSchedulerOfThread(IdSchedulerOfThread.pas) segment .text

   176 0001:000DF074   177 0001:000DF07F   178 0001:000DF086   179 0001:000DF092
   182 0001:000DF0A0   183 0001:000DF0A1   184 0001:000DF0A4   185 0001:000DF0AD
   187 0001:000DF0B4   190 0001:000DF0B8   191 0001:000DF0D8   192 0001:000DF0F2
   193 0001:000DF11A   195 0001:000DF134   196 0001:000DF161   197 0001:000DF169
   199 0001:000DF177   202 0001:000DF270   203 0001:000DF289   204 0001:000DF28D
   207 0001:000DF2A7   208 0001:000DF2B8   213 0001:000DF2DC   214 0001:000DF2E0
   215 0001:000DF2F8   216 0001:000DF2FB   217 0001:000DF305   219 0001:000DF30F
   222 0001:000DF315   226 0001:000DF322   229 0001:000DF327   232 0001:000DF3DC
   233 0001:000DF3DF   234 0001:000DF3E6   235 0001:000DF3EA   236 0001:000DF3EF
   237 0001:000DF3F7   245 0001:000DF3FC   246 0001:000DF419   247 0001:000DF422
   248 0001:000DF425   249 0001:000DF428   250 0001:000DF42B   253 0001:000DF44C
   254 0001:000DF457   255 0001:000DF461   256 0001:000DF46D   258 0001:000DF482

Line numbers for IdCustomTCPServer(IdCustomTCPServer.pas) segment .text

   422 0001:000E018C   425 0001:000E0190   426 0001:000E019B   428 0001:000E01A7
   429 0001:000E01B0   430 0001:000E01B9   432 0001:000E01C6   437 0001:000E01CE
   439 0001:000E01D9   440 0001:000E01E4   442 0001:000E01EF   443 0001:000E01FB
   446 0001:000E020C   447 0001:000E020D   448 0001:000E0217   450 0001:000E0225
   453 0001:000E0228   454 0001:000E0229   455 0001:000E0233   457 0001:000E0243
   460 0001:000E0248   461 0001:000E024F   462 0001:000E026D   465 0001:000E0274
   466 0001:000E027C   467 0001:000E0286   468 0001:000E029F   469 0001:000E02B2
   472 0001:000E02B7   473 0001:000E02C0   476 0001:000E02C8   477 0001:000E02CB
   478 0001:000E02D2   479 0001:000E02DF   480 0001:000E02E9   481 0001:000E02F0
   482 0001:000E0304   485 0001:000E0314   488 0001:000E0318   489 0001:000E0319
   490 0001:000E0323   492 0001:000E0331   495 0001:000E0334   496 0001:000E0335
   497 0001:000E033F   499 0001:000E034D   502 0001:000E0350   503 0001:000E0351
   504 0001:000E035B   506 0001:000E0369   509 0001:000E036C   510 0001:000E0371
   511 0001:000E037B   513 0001:000E038B   514 0001:000E038D   515 0001:000E0391
   516 0001:000E0398   519 0001:000E039F   522 0001:000E03A4   523 0001:000E03A5
   524 0001:000E03AF   526 0001:000E03BD   530 0001:000E03C0   531 0001:000E03CA
   534 0001:000E03CC   535 0001:000E03CF   537 0001:000E03D6   538 0001:000E03DF
   539 0001:000E03E6   541 0001:000E03F2   544 0001:000E03F4   545 0001:000E03FD
   547 0001:000E0408   548 0001:000E040D   549 0001:000E0415   550 0001:000E041D
   551 0001:000E0426   552 0001:000E042E   553 0001:000E0438   554 0001:000E0440
   555 0001:000E0448   558 0001:000E044F   561 0001:000E0454   565 0001:000E045A
   566 0001:000E0470   567 0001:000E0479   568 0001:000E0481   569 0001:000E0485
   570 0001:000E048C   572 0001:000E0498   575 0001:000E04A2   578 0001:000E04A8
   579 0001:000E04AB   580 0001:000E04B6   584 0001:000E04B8   585 0001:000E04C2
   588 0001:000E04C4   589 0001:000E04CA   591 0001:000E04D4   592 0001:000E04D8
   594 0001:000E04DF   596 0001:000E04E7   597 0001:000E04EB   600 0001:000E04F2
   605 0001:000E04F8   609 0001:000E0517   610 0001:000E0520   615 0001:000E053A
   620 0001:000E0543   621 0001:000E054C   622 0001:000E0554   624 0001:000E055C
   628 0001:000E0563   629 0001:000E056D   631 0001:000E0574   634 0001:000E057C
   635 0001:000E0580   638 0001:000E0587   639 0001:000E0591   641 0001:000E059C
   644 0001:000E05C0   645 0001:000E05C6   646 0001:000E05D0   647 0001:000E05D4
   648 0001:000E05DD   649 0001:000E05E4   651 0001:000E05F1   654 0001:000E05F8
   655 0001:000E0600   656 0001:000E0604   657 0001:000E060B   660 0001:000E061C
   667 0001:000E0620   668 0001:000E063F   669 0001:000E064F   671 0001:000E065D
   672 0001:000E0663   674 0001:000E0676   675 0001:000E0689   676 0001:000E0697
   677 0001:000E06B1   679 0001:000E06CA   680 0001:000E06E5   682 0001:000E06EC
   673 0001:000E06F7   685 0001:000E071D   686 0001:000E0728   687 0001:000E072E
   688 0001:000E0744   686 0001:000E074F   690 0001:000E0755   693 0001:000E075F
   694 0001:000E0767   698 0001:000E076F   700 0001:000E079A   701 0001:000E07B9
   702 0001:000E07DD   703 0001:000E07EB   704 0001:000E081E   707 0001:000E082F
   708 0001:000E0839   710 0001:000E0852   711 0001:000E0868   712 0001:000E0870
   714 0001:000E087A   715 0001:000E0882   698 0001:000E0885   717 0001:000E0899
   719 0001:000E08AF   725 0001:000E08F8   726 0001:000E0901   727 0001:000E0911
   729 0001:000E0921   731 0001:000E092C   732 0001:000E0933   734 0001:000E093B
   735 0001:000E0942   737 0001:000E0949   728 0001:000E0952   740 0001:000E0965
   742 0001:000E097B   757 0001:000E0980   763 0001:000E099F   764 0001:000E09B0
   765 0001:000E09C6   766 0001:000E09DD   767 0001:000E09E9   769 0001:000E0A01
   776 0001:000E0A23   777 0001:000E0A2D   765 0001:000E0A2E   778 0001:000E0A3E
   783 0001:000E0A54   784 0001:000E0A61   786 0001:000E0A66   789 0001:000E0B38
   790 0001:000E0B39   791 0001:000E0B43   793 0001:000E0B51   798 0001:000E0B54
   804 0001:000E0B58   805 0001:000E0B62   808 0001:000E0B64   809 0001:000E0B67
   810 0001:000E0B6E   811 0001:000E0B82   812 0001:000E0B94   814 0001:000E0B9F
   815 0001:000E0BA9   816 0001:000E0BB3   819 0001:000E0BC5   822 0001:000E0BC8
   824 0001:000E0BCF   827 0001:000E0BD9   830 0001:000E0BE1   831 0001:000E0BEF
   835 0001:000E0C04   836 0001:000E0C10   840 0001:000E0C25   841 0001:000E0C32
   843 0001:000E0C37   846 0001:000E0C3C   848 0001:000E0C5B   849 0001:000E0C6D
   850 0001:000E0C7B   852 0001:000E0C8E   857 0001:000E0CA3   858 0001:000E0CAF
   859 0001:000E0CCB   861 0001:000E0CD5   864 0001:000E0CE3   865 0001:000E0CEF
   867 0001:000E0D0B   868 0001:000E0D2F   870 0001:000E0D39   872 0001:000E0D47
   873 0001:000E0D55   875 0001:000E0D6C   876 0001:000E0D76   877 0001:000E0D83
   879 0001:000E0D8D   880 0001:000E0D97   885 0001:000E0DDC   890 0001:000E0DE0
   891 0001:000E0DE3   894 0001:000E0DEA   895 0001:000E0DF2   898 0001:000E0DF4
   899 0001:000E0DF7   900 0001:000E0DFE   901 0001:000E0E05   903 0001:000E0E0D
   906 0001:000E0E10   907 0001:000E0E28   908 0001:000E0E37   909 0001:000E0E3D
   910 0001:000E0E40   922 0001:000E0E60   923 0001:000E0E6C   924 0001:000E0E89
   926 0001:000E0EAC   927 0001:000E0EB1   928 0001:000E0EB6   929 0001:000E0EBB
   931 0001:000E0EC9   933 0001:000E0EDD   934 0001:000E0EFD   936 0001:000E0F01
   937 0001:000E0F09   940 0001:000E0F10   941 0001:000E0F21   942 0001:000E0F2B
   949 0001:000E0F35   950 0001:000E0F5F   951 0001:000E0F6C   952 0001:000E0F74
   956 0001:000E0F79   957 0001:000E0F9B   961 0001:000E0FA7   962 0001:000E0FBB
   963 0001:000E0FCF   964 0001:000E0FE3   966 0001:000E0FF7   969 0001:000E1005
   971 0001:000E1037   974 0001:000E1039   975 0001:000E103F   977 0001:000E1046
   978 0001:000E104E   980 0001:000E1056   981 0001:000E105C   985 0001:000E1070
   986 0001:000E1081   990 0001:000E1096   992 0001:000E1153

Line numbers for Uwin(Uwin.pas) segment .text

    70 0001:000F5578    71 0001:000F5592    74 0001:000F55A0    76 0001:000F55AD
    78 0001:000F55EA    80 0001:000F5604    81 0001:000F561B    83 0001:000F5632
    84 0001:000F5644    87 0001:000F565A    90 0001:000F5676    93 0001:000F5690
    96 0001:000F56AA    97 0001:000F56B9   100 0001:000F56CE   101 0001:000F56D3
   108 0001:000F5830   109 0001:000F5883   112 0001:000F5891   116 0001:000F58A3
   117 0001:000F58C0   118 0001:000F58D8   121 0001:000F58E5   123 0001:000F58F8
   124 0001:000F5916   126 0001:000F5929   127 0001:000F5956   128 0001:000F5969
   131 0001:000F597A   133 0001:000F59B5   135 0001:000F5A0F   139 0001:000F5A8F
   140 0001:000F5A94   146 0001:000F5BBC   147 0001:000F5BD5   149 0001:000F5BE8
   151 0001:000F5BF7   153 0001:000F5BFE   154 0001:000F5C0B   155 0001:000F5C18
   159 0001:000F5C25   161 0001:000F5C34   163 0001:000F5C3B   164 0001:000F5C48
   165 0001:000F5C55   167 0001:000F5C62   177 0001:000F5CAC   178 0001:000F5CCF
   179 0001:000F5CDD   182 0001:000F5CEC   183 0001:000F5D16   184 0001:000F5D27
   186 0001:000F5D3A   187 0001:000F5D42   189 0001:000F5D68   191 0001:000F5D7A
   192 0001:000F5DA1   189 0001:000F5DA2   197 0001:000F5DA5   199 0001:000F5DB5
   200 0001:000F5DE4   203 0001:000F5E0E   204 0001:000F5E16   206 0001:000F5E42
   208 0001:000F5E54   209 0001:000F5EA4   206 0001:000F5EA5   212 0001:000F5EB7
   214 0001:000F5EC4   215 0001:000F5ECC   219 0001:000F5F70   220 0001:000F5F78
   223 0001:000F5F86   227 0001:000F5F95   228 0001:000F5F9F   232 0001:000F5FA5
   234 0001:000F5FAE   235 0001:000F5FBA   239 0001:000F5FD5   240 0001:000F5FDA
   247 0001:000F5FE0   248 0001:000F6052   250 0001:000F605C   251 0001:000F609B
   252 0001:000F60D7   254 0001:000F60DF   255 0001:000F6103   256 0001:000F610F
   257 0001:000F615A   252 0001:000F6167   259 0001:000F616F   261 0001:000F617A
   262 0001:000F61B9   263 0001:000F61F3   265 0001:000F61F7   266 0001:000F6224
   267 0001:000F6250   263 0001:000F625D   269 0001:000F6261   270 0001:000F626C
   279 0001:000F6330   281 0001:000F6354   282 0001:000F636F   283 0001:000F6384
   286 0001:000F6391   287 0001:000F639F   288 0001:000F63B9   289 0001:000F6422
   291 0001:000F6441   294 0001:000F6477   299 0001:000F647C   301 0001:000F6497
   303 0001:000F64BC   305 0001:000F64E1   313 0001:000F6598   314 0001:000F65B8
   315 0001:000F65C6   316 0001:000F65D5   317 0001:000F65E3   318 0001:000F65EB
   319 0001:000F65FC   320 0001:000F660D   322 0001:000F6647   323 0001:000F6684
   325 0001:000F66A2   326 0001:000F66B0   328 0001:000F66B4   329 0001:000F66BE
   330 0001:000F66C5   332 0001:000F6703   336 0001:000F6722   337 0001:000F6727
   342 0001:000F67AC   343 0001:000F67CE   344 0001:000F67DC   346 0001:000F67E9
   347 0001:000F6816   349 0001:000F682F   350 0001:000F686C   352 0001:000F688A
   353 0001:000F68CB   358 0001:000F68EB   359 0001:000F68F0   363 0001:000F698C
   364 0001:000F69C3   366 0001:000F69D1   367 0001:000F69E2   368 0001:000F69FC
   369 0001:000F6A0A   371 0001:000F6A23   374 0001:000F6A3D   375 0001:000F6A42
   383 0001:000F6A78   384 0001:000F6A90   385 0001:000F6A9E   386 0001:000F6AA7
   387 0001:000F6AAE   389 0001:000F6AB2   390 0001:000F6ABB   391 0001:000F6AC5
   392 0001:000F6AD5   396 0001:000F6AEE   397 0001:000F6AF3   402 0001:000F6B18
   403 0001:000F6B21   404 0001:000F6B2F   405 0001:000F6B36   406 0001:000F6B40
   407 0001:000F6B55   408 0001:000F6B61   411 0001:000F6B7C   412 0001:000F6B81
   422 0001:000F6BAC   423 0001:000F6BD0   425 0001:000F6BDE   426 0001:000F6BE2
   429 0001:000F6BEF   430 0001:000F6C00   433 0001:000F6C0C   434 0001:000F6C1A
   435 0001:000F6C34   438 0001:000F6C48   439 0001:000F6C4D   447 0001:000F6C74
   448 0001:000F6CAD   449 0001:000F6CC1   450 0001:000F6CCB   452 0001:000F6CEA
   455 0001:000F6D00   458 0001:000F6D10   459 0001:000F6D28   460 0001:000F6D3F
   461 0001:000F6D76   456 0001:000F6D8E   464 0001:000F6DB1   466 0001:000F6DC4
   468 0001:000F6E2F

Line numbers for win(win.dpr) segment .itext

     9 0002:00000EF0    10 0002:00000F00    11 0002:00000F0C    12 0002:00000F1D
    13 0002:00000F35    14 0002:00000F41

Bound resource files

d:\archivos de programa\embarcadero\rad studio\7.0\lib\character.res
d:\archivos de programa\embarcadero\rad studio\7.0\lib\Controls.res
Uwin.DFM
win.res
win.drf


Program entry point at 0002:00000EF0
